Archive member included to satisfy reference by file (symbol)

d:/86xprograms/cube/stm32cubeide_1.12.0/stm32cubeide/plugins/com.st.stm32cube.ide.mcu.externaltools.gnu-tools-for-stm32.10.3-2021.10.win32_1.0.200.202301161003/tools/bin/../lib/gcc/arm-none-eabi/10.3.1/../../../../arm-none-eabi/lib/thumb/v7e-m+fp/hard\libc_nano.a(lib_a-errno.o)
                              ./Core/Src/syscalls.o (__errno)
d:/86xprograms/cube/stm32cubeide_1.12.0/stm32cubeide/plugins/com.st.stm32cube.ide.mcu.externaltools.gnu-tools-for-stm32.10.3-2021.10.win32_1.0.200.202301161003/tools/bin/../lib/gcc/arm-none-eabi/10.3.1/../../../../arm-none-eabi/lib/thumb/v7e-m+fp/hard\libc_nano.a(lib_a-exit.o)
                              d:/86xprograms/cube/stm32cubeide_1.12.0/stm32cubeide/plugins/com.st.stm32cube.ide.mcu.externaltools.gnu-tools-for-stm32.10.3-2021.10.win32_1.0.200.202301161003/tools/bin/../lib/gcc/arm-none-eabi/10.3.1/../../../../arm-none-eabi/lib/thumb/v7e-m+fp/hard/crt0.o (exit)
d:/86xprograms/cube/stm32cubeide_1.12.0/stm32cubeide/plugins/com.st.stm32cube.ide.mcu.externaltools.gnu-tools-for-stm32.10.3-2021.10.win32_1.0.200.202301161003/tools/bin/../lib/gcc/arm-none-eabi/10.3.1/../../../../arm-none-eabi/lib/thumb/v7e-m+fp/hard\libc_nano.a(lib_a-impure.o)
                              d:/86xprograms/cube/stm32cubeide_1.12.0/stm32cubeide/plugins/com.st.stm32cube.ide.mcu.externaltools.gnu-tools-for-stm32.10.3-2021.10.win32_1.0.200.202301161003/tools/bin/../lib/gcc/arm-none-eabi/10.3.1/../../../../arm-none-eabi/lib/thumb/v7e-m+fp/hard\libc_nano.a(lib_a-exit.o) (_global_impure_ptr)
d:/86xprograms/cube/stm32cubeide_1.12.0/stm32cubeide/plugins/com.st.stm32cube.ide.mcu.externaltools.gnu-tools-for-stm32.10.3-2021.10.win32_1.0.200.202301161003/tools/bin/../lib/gcc/arm-none-eabi/10.3.1/../../../../arm-none-eabi/lib/thumb/v7e-m+fp/hard\libc_nano.a(lib_a-init.o)
                              d:/86xprograms/cube/stm32cubeide_1.12.0/stm32cubeide/plugins/com.st.stm32cube.ide.mcu.externaltools.gnu-tools-for-stm32.10.3-2021.10.win32_1.0.200.202301161003/tools/bin/../lib/gcc/arm-none-eabi/10.3.1/../../../../arm-none-eabi/lib/thumb/v7e-m+fp/hard/crt0.o (__libc_init_array)
d:/86xprograms/cube/stm32cubeide_1.12.0/stm32cubeide/plugins/com.st.stm32cube.ide.mcu.externaltools.gnu-tools-for-stm32.10.3-2021.10.win32_1.0.200.202301161003/tools/bin/../lib/gcc/arm-none-eabi/10.3.1/../../../../arm-none-eabi/lib/thumb/v7e-m+fp/hard\libc_nano.a(lib_a-memcpy-stub.o)
                              ./Hw/vl53l1/vl53l1_api.o (memcpy)
d:/86xprograms/cube/stm32cubeide_1.12.0/stm32cubeide/plugins/com.st.stm32cube.ide.mcu.externaltools.gnu-tools-for-stm32.10.3-2021.10.win32_1.0.200.202301161003/tools/bin/../lib/gcc/arm-none-eabi/10.3.1/../../../../arm-none-eabi/lib/thumb/v7e-m+fp/hard\libc_nano.a(lib_a-memset.o)
                              d:/86xprograms/cube/stm32cubeide_1.12.0/stm32cubeide/plugins/com.st.stm32cube.ide.mcu.externaltools.gnu-tools-for-stm32.10.3-2021.10.win32_1.0.200.202301161003/tools/bin/../lib/gcc/arm-none-eabi/10.3.1/../../../../arm-none-eabi/lib/thumb/v7e-m+fp/hard/crt0.o (memset)
d:/86xprograms/cube/stm32cubeide_1.12.0/stm32cubeide/plugins/com.st.stm32cube.ide.mcu.externaltools.gnu-tools-for-stm32.10.3-2021.10.win32_1.0.200.202301161003/tools/bin/../lib/gcc/arm-none-eabi/10.3.1/../../../../arm-none-eabi/lib/thumb/v7e-m+fp/hard\libc_nano.a(lib_a-sprintf.o)
                              ./Hw/I2C_PCF8574_LCD/i2c-lcd.o (sprintf)
d:/86xprograms/cube/stm32cubeide_1.12.0/stm32cubeide/plugins/com.st.stm32cube.ide.mcu.externaltools.gnu-tools-for-stm32.10.3-2021.10.win32_1.0.200.202301161003/tools/bin/../lib/gcc/arm-none-eabi/10.3.1/../../../../arm-none-eabi/lib/thumb/v7e-m+fp/hard\libc_nano.a(lib_a-strncpy.o)
                              ./Hw/vl53l1/vl53l1_api.o (strncpy)
d:/86xprograms/cube/stm32cubeide_1.12.0/stm32cubeide/plugins/com.st.stm32cube.ide.mcu.externaltools.gnu-tools-for-stm32.10.3-2021.10.win32_1.0.200.202301161003/tools/bin/../lib/gcc/arm-none-eabi/10.3.1/../../../../arm-none-eabi/lib/thumb/v7e-m+fp/hard\libc_nano.a(lib_a-nano-svfprintf.o)
                              d:/86xprograms/cube/stm32cubeide_1.12.0/stm32cubeide/plugins/com.st.stm32cube.ide.mcu.externaltools.gnu-tools-for-stm32.10.3-2021.10.win32_1.0.200.202301161003/tools/bin/../lib/gcc/arm-none-eabi/10.3.1/../../../../arm-none-eabi/lib/thumb/v7e-m+fp/hard\libc_nano.a(lib_a-sprintf.o) (_svfprintf_r)
d:/86xprograms/cube/stm32cubeide_1.12.0/stm32cubeide/plugins/com.st.stm32cube.ide.mcu.externaltools.gnu-tools-for-stm32.10.3-2021.10.win32_1.0.200.202301161003/tools/bin/../lib/gcc/arm-none-eabi/10.3.1/../../../../arm-none-eabi/lib/thumb/v7e-m+fp/hard\libc_nano.a(lib_a-nano-vfprintf_i.o)
[...]
Memory Configuration

Name             Origin             Length             Attributes
RAM              0x0000000020000000 0x0000000000020000 xrw
FLASH            0x0000000008000000 0x0000000000080000 xr
*default*        0x0000000000000000 0xffffffffffffffff

Linker script and memory map

LOAD d:/86xprograms/cube/stm32cubeide_1.12.0/stm32cubeide/plugins/com.st.stm32cube.ide.mcu.externaltools.gnu-tools-for-stm32.10.3-2021.10.win32_1.0.200.202301161003/tools/bin/../lib/gcc/arm-none-eabi/10.3.1/thumb/v7e-m+fp/hard/crti.o
LOAD d:/86xprograms/cube/stm32cubeide_1.12.0/stm32cubeide/plugins/com.st.stm32cube.ide.mcu.externaltools.gnu-tools-for-stm32.10.3-2021.10.win32_1.0.200.202301161003/tools/bin/../lib/gcc/arm-none-eabi/10.3.1/thumb/v7e-m+fp/hard/crtbegin.o
LOAD d:/86xprograms/cube/stm32cubeide_1.12.0/stm32cubeide/plugins/com.st.stm32cube.ide.mcu.externaltools.gnu-tools-for-stm32.10.3-2021.10.win32_1.0.200.202301161003/tools/bin/../lib/gcc/arm-none-eabi/10.3.1/../../../../arm-none-eabi/lib/thumb/v7e-m+fp/hard/crt0.o
LOAD ./App/app.o
LOAD ./Core/Src/main.o
LOAD ./Core/Src/stm32f4xx_hal_msp.o
LOAD ./Core/Src/stm32f4xx_it.o
LOAD ./Core/Src/syscalls.o
LOAD ./Core/Src/sysmem.o
LOAD ./Core/Src/system_stm32f4xx.o
LOAD ./Core/Startup/startup_stm32f411ceux.o
LOAD ./Drivers/STM32F4xx_HAL_Driver/Src/stm32f4xx_hal.o
LOAD ./Drivers/STM32F4xx_HAL_Driver/Src/stm32f4xx_hal_adc.o
LOAD ./Drivers/STM32F4xx_HAL_Driver/Src/stm32f4xx_hal_adc_ex.o
LOAD ./Drivers/STM32F4xx_HAL_Driver/Src/stm32f4xx_hal_cortex.o
LOAD ./Drivers/STM32F4xx_HAL_Driver/Src/stm32f4xx_hal_dma.o
LOAD ./Drivers/STM32F4xx_HAL_Driver/Src/stm32f4xx_hal_dma_ex.o
LOAD ./Drivers/STM32F4xx_HAL_Driver/Src/stm32f4xx_hal_exti.o
LOAD ./Drivers/STM32F4xx_HAL_Driver/Src/stm32f4xx_hal_flash.o
LOAD ./Drivers/STM32F4xx_HAL_Driver/Src/stm32f4xx_hal_flash_ex.o
LOAD ./Drivers/STM32F4xx_HAL_Driver/Src/stm32f4xx_hal_flash_ramfunc.o
LOAD ./Drivers/STM32F4xx_HAL_Driver/Src/stm32f4xx_hal_gpio.o
LOAD ./Drivers/STM32F4xx_HAL_Driver/Src/stm32f4xx_hal_i2c.o
LOAD ./Drivers/STM32F4xx_HAL_Driver/Src/stm32f4xx_hal_i2c_ex.o
LOAD ./Drivers/STM32F4xx_HAL_Driver/Src/stm32f4xx_hal_pwr.o
LOAD ./Drivers/STM32F4xx_HAL_Driver/Src/stm32f4xx_hal_pwr_ex.o
LOAD ./Drivers/STM32F4xx_HAL_Driver/Src/stm32f4xx_hal_rcc.o
LOAD ./Drivers/STM32F4xx_HAL_Driver/Src/stm32f4xx_hal_rcc_ex.o
LOAD ./Drivers/STM32F4xx_HAL_Driver/Src/stm32f4xx_hal_tim.o
LOAD ./Drivers/STM32F4xx_HAL_Driver/Src/stm32f4xx_hal_tim_ex.o
LOAD ./Drivers/STM32F4xx_HAL_Driver/Src/stm32f4xx_ll_adc.o
LOAD ./Hw/I2C_PCF8574_LCD/i2c-lcd.o
LOAD ./Hw/NHD_C0220BIZ.o
LOAD ./Hw/Potentiometer/potentiometer.o
LOAD ./Hw/vl53l1/vl53l1_api.o
LOAD ./Hw/vl53l1/vl53l1_api_calibration.o
LOAD ./Hw/vl53l1/vl53l1_api_core.o
LOAD ./Hw/vl53l1/vl53l1_api_debug.o
LOAD ./Hw/vl53l1/vl53l1_api_preset_modes.o
LOAD ./Hw/vl53l1/vl53l1_api_strings.o
LOAD ./Hw/vl53l1/vl53l1_core.o
LOAD ./Hw/vl53l1/vl53l1_core_support.o
LOAD ./Hw/vl53l1/vl53l1_error_strings.o
LOAD ./Hw/vl53l1/vl53l1_platform.o
LOAD ./Hw/vl53l1/vl53l1_register_funcs.o
LOAD ./Hw/vl53l1/vl53l1_sensor.o
LOAD ./Hw/vl53l1/vl53l1_silicon_core.o
LOAD ./Hw/vl53l1/vl53l1_wait.o
START GROUP
LOAD d:/86xprograms/cube/stm32cubeide_1.12.0/stm32cubeide/plugins/com.st.stm32cube.ide.mcu.externaltools.gnu-tools-for-stm32.10.3-2021.10.win32_1.0.200.202301161003/tools/bin/../lib/gcc/arm-none-eabi/10.3.1/../../../../arm-none-eabi/lib/thumb/v7e-m+fp/hard\libc_nano.a
LOAD d:/86xprograms/cube/stm32cubeide_1.12.0/stm32cubeide/plugins/com.st.stm32cube.ide.mcu.externaltools.gnu-tools-for-stm32.10.3-2021.10.win32_1.0.200.202301161003/tools/bin/../lib/gcc/arm-none-eabi/10.3.1/../../../../arm-none-eabi/lib/thumb/v7e-m+fp/hard\libm.a
END GROUP
START GROUP
LOAD d:/86xprograms/cube/stm32cubeide_1.12.0/stm32cubeide/plugins/com.st.stm32cube.ide.mcu.externaltools.gnu-tools-for-stm32.10.3-2021.10.win32_1.0.200.202301161003/tools/bin/../lib/gcc/arm-none-eabi/10.3.1/thumb/v7e-m+fp/hard\libgcc.a
LOAD d:/86xprograms/cube/stm32cubeide_1.12.0/stm32cubeide/plugins/com.st.stm32cube.ide.mcu.externaltools.gnu-tools-for-stm32.10.3-2021.10.win32_1.0.200.202301161003/tools/bin/../lib/gcc/arm-none-eabi/10.3.1/../../../../arm-none-eabi/lib/thumb/v7e-m+fp/hard\libc_nano.a
END GROUP
START GROUP
LOAD d:/86xprograms/cube/stm32cubeide_1.12.0/stm32cubeide/plugins/com.st.stm32cube.ide.mcu.externaltools.gnu-tools-for-stm32.10.3-2021.10.win32_1.0.200.202301161003/tools/bin/../lib/gcc/arm-none-eabi/10.3.1/thumb/v7e-m+fp/hard\libgcc.a
LOAD d:/86xprograms/cube/stm32cubeide_1.12.0/stm32cubeide/plugins/com.st.stm32cube.ide.mcu.externaltools.gnu-tools-for-stm32.10.3-2021.10.win32_1.0.200.202301161003/tools/bin/../lib/gcc/arm-none-eabi/10.3.1/../../../../arm-none-eabi/lib/thumb/v7e-m+fp/hard\libc_nano.a
LOAD d:/86xprograms/cube/stm32cubeide_1.12.0/stm32cubeide/plugins/com.st.stm32cube.ide.mcu.externaltools.gnu-tools-for-stm32.10.3-2021.10.win32_1.0.200.202301161003/tools/bin/../lib/gcc/arm-none-eabi/10.3.1/../../../../arm-none-eabi/lib/thumb/v7e-m+fp/hard\libnosys.a
END GROUP
START GROUP
LOAD d:/86xprograms/cube/stm32cubeide_1.12.0/stm32cubeide/plugins/com.st.stm32cube.ide.mcu.externaltools.gnu-tools-for-stm32.10.3-2021.10.win32_1.0.200.202301161003/tools/bin/../lib/gcc/arm-none-eabi/10.3.1/thumb/v7e-m+fp/hard\libgcc.a
LOAD d:/86xprograms/cube/stm32cubeide_1.12.0/stm32cubeide/plugins/com.st.stm32cube.ide.mcu.externaltools.gnu-tools-for-stm32.10.3-2021.10.win32_1.0.200.202301161003/tools/bin/../lib/gcc/arm-none-eabi/10.3.1/../../../../arm-none-eabi/lib/thumb/v7e-m+fp/hard\libc_nano.a
LOAD d:/86xprograms/cube/stm32cubeide_1.12.0/stm32cubeide/plugins/com.st.stm32cube.ide.mcu.externaltools.gnu-tools-for-stm32.10.3-2021.10.win32_1.0.200.202301161003/tools/bin/../lib/gcc/arm-none-eabi/10.3.1/../../../../arm-none-eabi/lib/thumb/v7e-m+fp/hard\libnosys.a
END GROUP
LOAD d:/86xprograms/cube/stm32cubeide_1.12.0/stm32cubeide/plugins/com.st.stm32cube.ide.mcu.externaltools.gnu-tools-for-stm32.10.3-2021.10.win32_1.0.200.202301161003/tools/bin/../lib/gcc/arm-none-eabi/10.3.1/thumb/v7e-m+fp/hard/crtend.o
LOAD d:/86xprograms/cube/stm32cubeide_1.12.0/stm32cubeide/plugins/com.st.stm32cube.ide.mcu.externaltools.gnu-tools-for-stm32.10.3-2021.10.win32_1.0.200.202301161003/tools/bin/../lib/gcc/arm-none-eabi/10.3.1/thumb/v7e-m+fp/hard/crtn.o
                0x0000000020020000                _estack = (ORIGIN (RAM) + LENGTH (RAM))
                0x0000000000000200                _Min_Heap_Size = 0x200
                0x0000000000000400                _Min_Stack_Size = 0x400

.isr_vector     0x0000000008000000      0x198
                0x0000000008000000                . = ALIGN (0x4)
 *(.isr_vector)
 .isr_vector    0x0000000008000000      0x198 ./Core/Startup/startup_stm32f411ceux.o
                0x0000000008000000                g_pfnVectors
                0x0000000008000198                . = ALIGN (0x4)

.text           0x00000000080001a0     0x8250
                0x00000000080001a0                . = ALIGN (0x4)
 *(.text)
 .text          0x00000000080001a0       0x40 d:/86xprograms/cube/stm32cubeide_1.12.0/stm32cubeide/plugins/com.st.stm32cube.ide.mcu.externaltools.gnu-tools-for-stm32.10.3-2021.10.win32_1.0.200.202301161003/tools/bin/../lib/gcc/arm-none-eabi/10.3.1/thumb/v7e-m+fp/hard/crtbegin.o
 .text          0x00000000080001e0       0xa0 d:/86xprograms/cube/stm32cubeide_1.12.0/stm32cubeide/plugins/com.st.stm32cube.ide.mcu.externaltools.gnu-tools-for-stm32.10.3-2021.10.win32_1.0.200.202301161003/tools/bin/../lib/gcc/arm-none-eabi/10.3.1/../../../../arm-none-eabi/lib/thumb/v7e-m+fp/hard\libc_nano.a(lib_a-memchr.o)
                0x00000000080001e0                memchr
 .text          0x0000000008000280      0x254 d:/86xprograms/cube/stm32cubeide_1.12.0/stm32cubeide/plugins/com.st.stm32cube.ide.mcu.externaltools.gnu-tools-for-stm32.10.3-2021.10.win32_1.0.200.202301161003/tools/bin/../lib/gcc/arm-none-eabi/10.3.1/thumb/v7e-m+fp/hard\libgcc.a(_arm_muldf3.o)
                0x0000000008000280                __muldf3
                0x0000000008000280                __aeabi_dmul
 .text          0x00000000080004d4      0x378 d:/86xprograms/cube/stm32cubeide_1.12.0/stm32cubeide/plugins/com.st.stm32cube.ide.mcu.externaltools.gnu-tools-for-stm32.10.3-2021.10.win32_1.0.200.202301161003/tools/bin/../lib/gcc/arm-none-eabi/10.3.1/thumb/v7e-m+fp/hard\libgcc.a(_arm_addsubdf3.o)
                0x00000000080004d4                __aeabi_drsub
                0x00000000080004dc                __aeabi_dsub
                0x00000000080004dc                __subdf3
                0x00000000080004e0                __aeabi_dadd
                0x00000000080004e0                __adddf3
                0x0000000008000758                __floatunsidf
                0x0000000008000758                __aeabi_ui2d
                0x0000000008000778                __floatsidf
                0x0000000008000778                __aeabi_i2d
                0x000000000800079c                __aeabi_f2d
                0x000000000800079c                __extendsfdf2
                0x00000000080007e0                __floatundidf
                0x00000000080007e0                __aeabi_ul2d
                0x00000000080007f0                __floatdidf
                0x00000000080007f0                __aeabi_l2d
 .text          0x000000000800084c       0x40 d:/86xprograms/cube/stm32cubeide_1.12.0/stm32cubeide/plugins/com.st.stm32cube.ide.mcu.externaltools.gnu-tools-for-stm32.10.3-2021.10.win32_1.0.200.202301161003/tools/bin/../lib/gcc/arm-none-eabi/10.3.1/thumb/v7e-m+fp/hard\libgcc.a(_arm_fixunsdfsi.o)
                0x000000000800084c                __aeabi_d2uiz
                0x000000000800084c                __fixunsdfsi
 .text          0x000000000800088c       0x30 d:/86xprograms/cube/stm32cubeide_1.12.0/stm32cubeide/plugins/com.st.stm32cube.ide.mcu.externaltools.gnu-tools-for-stm32.10.3-2021.10.win32_1.0.200.202301161003/tools/bin/../lib/gcc/arm-none-eabi/10.3.1/thumb/v7e-m+fp/hard\libgcc.a(_aeabi_uldivmod.o)
                0x000000000800088c                __aeabi_uldivmod
 .text          0x00000000080008bc      0x2d0 d:/86xprograms/cube/stm32cubeide_1.12.0/stm32cubeide/plugins/com.st.stm32cube.ide.mcu.externaltools.gnu-tools-for-stm32.10.3-2021.10.win32_1.0.200.202301161003/tools/bin/../lib/gcc/arm-none-eabi/10.3.1/thumb/v7e-m+fp/hard\libgcc.a(_udivmoddi4.o)
                0x00000000080008bc                __udivmoddi4
 .text          0x0000000008000b8c        0x4 d:/86xprograms/cube/stm32cubeide_1.12.0/stm32cubeide/plugins/com.st.stm32cube.ide.mcu.externaltools.gnu-tools-for-stm32.10.3-2021.10.win32_1.0.200.202301161003/tools/bin/../lib/gcc/arm-none-eabi/10.3.1/thumb/v7e-m+fp/hard\libgcc.a(_dvmd_tls.o)
                0x0000000008000b8c                __aeabi_idiv0
                0x0000000008000b8c                __aeabi_ldiv0
 *(.text*)
 .text.HAL_GPIO_EXTI_Callback
                0x0000000008000b90      0x130 ./App/app.o
                0x0000000008000b90                HAL_GPIO_EXTI_Callback
 .text.VelocityCalculation
                0x0000000008000cc0       0x6c ./App/app.o
                0x0000000008000cc0                VelocityCalculation
 .text.app_init
                0x0000000008000d2c       0x40 ./App/app.o
                0x0000000008000d2c                app_init
 .text.app_loop
                0x0000000008000d6c       0x24 ./App/app.o
                0x0000000008000d6c                app_loop
 .text.main     0x0000000008000d90       0x2a ./Core/Src/main.o
                0x0000000008000d90                main
 *fill*         0x0000000008000dba        0x2 
 .text.SystemClock_Config
                0x0000000008000dbc       0xd0 ./Core/Src/main.o
                0x0000000008000dbc                SystemClock_Config
 .text.MX_ADC1_Init
                0x0000000008000e8c       0xa4 ./Core/Src/main.o
 .text.MX_I2C1_Init
                0x0000000008000f30       0x5c ./Core/Src/main.o
 .text.MX_I2C2_Init
                0x0000000008000f8c       0x5c ./Core/Src/main.o
 .text.MX_I2C3_Init
                0x0000000008000fe8       0x5c ./Core/Src/main.o
 .text.MX_GPIO_Init
                0x0000000008001044      0x10c ./Core/Src/main.o
 .text.Error_Handler
                0x0000000008001150        0xa ./Core/Src/main.o
                0x0000000008001150                Error_Handler
 *fill*         0x000000000800115a        0x2 
 .text.HAL_MspInit
                0x000000000800115c       0x50 ./Core/Src/stm32f4xx_hal_msp.o
                0x000000000800115c                HAL_MspInit
 .text.HAL_ADC_MspInit
                0x00000000080011ac       0x88 ./Core/Src/stm32f4xx_hal_msp.o
                0x00000000080011ac                HAL_ADC_MspInit
 .text.HAL_I2C_MspInit
                0x0000000008001234      0x1c4 ./Core/Src/stm32f4xx_hal_msp.o
                0x0000000008001234                HAL_I2C_MspInit
 .text.NMI_Handler
                0x00000000080013f8        0x6 ./Core/Src/stm32f4xx_it.o
                0x00000000080013f8                NMI_Handler
 .text.HardFault_Handler
                0x00000000080013fe        0x6 ./Core/Src/stm32f4xx_it.o
                0x00000000080013fe                HardFault_Handler
 .text.MemManage_Handler
                0x0000000008001404        0x6 ./Core/Src/stm32f4xx_it.o
                0x0000000008001404                MemManage_Handler
 .text.BusFault_Handler
                0x000000000800140a        0x6 ./Core/Src/stm32f4xx_it.o
                0x000000000800140a                BusFault_Handler
 .text.UsageFault_Handler
                0x0000000008001410        0x6 ./Core/Src/stm32f4xx_it.o
                0x0000000008001410                UsageFault_Handler
 .text.SVC_Handler
                0x0000000008001416        0xe ./Core/Src/stm32f4xx_it.o
                0x0000000008001416                SVC_Handler
 .text.DebugMon_Handler
                0x0000000008001424        0xe ./Core/Src/stm32f4xx_it.o
                0x0000000008001424                DebugMon_Handler
 .text.PendSV_Handler
                0x0000000008001432        0xe ./Core/Src/stm32f4xx_it.o
                0x0000000008001432                PendSV_Handler
 .text.SysTick_Handler
                0x0000000008001440        0xc ./Core/Src/stm32f4xx_it.o
                0x0000000008001440                SysTick_Handler
 .text.EXTI1_IRQHandler
                0x000000000800144c        0xe ./Core/Src/stm32f4xx_it.o
                0x000000000800144c                EXTI1_IRQHandler
 .text.EXTI2_IRQHandler
                0x000000000800145a        0xe ./Core/Src/stm32f4xx_it.o
                0x000000000800145a                EXTI2_IRQHandler
 .text.EXTI4_IRQHandler
                0x0000000008001468        0xe ./Core/Src/stm32f4xx_it.o
                0x0000000008001468                EXTI4_IRQHandler
 *fill*         0x0000000008001476        0x2 
 .text._sbrk    0x0000000008001478       0x6c ./Core/Src/sysmem.o
                0x0000000008001478                _sbrk
 .text.SystemInit
                0x00000000080014e4       0x24 ./Core/Src/system_stm32f4xx.o
                0x00000000080014e4                SystemInit
 .text.Reset_Handler
                0x0000000008001508       0x50 ./Core/Startup/startup_stm32f411ceux.o
                0x0000000008001508                Reset_Handler
 .text.Default_Handler
                0x0000000008001558        0x2 ./Core/Startup/startup_stm32f411ceux.o
                0x0000000008001558                RTC_Alarm_IRQHandler
                0x0000000008001558                SPI4_IRQHandler
                0x0000000008001558                TIM1_CC_IRQHandler
                0x0000000008001558                DMA2_Stream5_IRQHandler
                0x0000000008001558                DMA1_Stream5_IRQHandler
                0x0000000008001558                PVD_IRQHandler
                0x0000000008001558                SDIO_IRQHandler
                0x0000000008001558                TAMP_STAMP_IRQHandler
                0x0000000008001558                EXTI3_IRQHandler
                0x0000000008001558                TIM1_UP_TIM10_IRQHandler
                0x0000000008001558                I2C3_ER_IRQHandler
                0x0000000008001558                EXTI0_IRQHandler
                0x0000000008001558                I2C2_EV_IRQHandler
                0x0000000008001558                DMA1_Stream2_IRQHandler
                0x0000000008001558                FPU_IRQHandler
                0x0000000008001558                DMA2_Stream2_IRQHandler
                0x0000000008001558                SPI1_IRQHandler
                0x0000000008001558                TIM1_BRK_TIM9_IRQHandler
                0x0000000008001558                DMA2_Stream3_IRQHandler
                0x0000000008001558                USART6_IRQHandler
                0x0000000008001558                DMA2_Stream0_IRQHandler
                0x0000000008001558                TIM4_IRQHandler
                0x0000000008001558                I2C1_EV_IRQHandler
                0x0000000008001558                DMA1_Stream6_IRQHandler
                0x0000000008001558                DMA1_Stream1_IRQHandler
                0x0000000008001558                TIM3_IRQHandler
                0x0000000008001558                RCC_IRQHandler
                0x0000000008001558                Default_Handler
                0x0000000008001558                EXTI15_10_IRQHandler
                0x0000000008001558                ADC_IRQHandler
                0x0000000008001558                DMA1_Stream7_IRQHandler
                0x0000000008001558                SPI5_IRQHandler
                0x0000000008001558                TIM5_IRQHandler
                0x0000000008001558                DMA2_Stream7_IRQHandler
                0x0000000008001558                I2C3_EV_IRQHandler
                0x0000000008001558                EXTI9_5_IRQHandler
                0x0000000008001558                RTC_WKUP_IRQHandler
                0x0000000008001558                SPI2_IRQHandler
                0x0000000008001558                DMA1_Stream0_IRQHandler
                0x0000000008001558                WWDG_IRQHandler
                0x0000000008001558                TIM2_IRQHandler
                0x0000000008001558                OTG_FS_WKUP_IRQHandler
                0x0000000008001558                TIM1_TRG_COM_TIM11_IRQHandler
                0x0000000008001558                USART2_IRQHandler
                0x0000000008001558                I2C2_ER_IRQHandler
                0x0000000008001558                DMA2_Stream1_IRQHandler
                0x0000000008001558                FLASH_IRQHandler
                0x0000000008001558                DMA2_Stream4_IRQHandler
                0x0000000008001558                USART1_IRQHandler
                0x0000000008001558                OTG_FS_IRQHandler
                0x0000000008001558                SPI3_IRQHandler
                0x0000000008001558                DMA1_Stream4_IRQHandler
                0x0000000008001558                I2C1_ER_IRQHandler
                0x0000000008001558                DMA2_Stream6_IRQHandler
                0x0000000008001558                DMA1_Stream3_IRQHandler
 *fill*         0x000000000800155a        0x2 
 .text.HAL_Init
                0x000000000800155c       0x44 ./Drivers/STM32F4xx_HAL_Driver/Src/stm32f4xx_hal.o
                0x000000000800155c                HAL_Init
 .text.HAL_InitTick
                0x00000000080015a0       0x60 ./Drivers/STM32F4xx_HAL_Driver/Src/stm32f4xx_hal.o
                0x00000000080015a0                HAL_InitTick
 .text.HAL_IncTick
                0x0000000008001600       0x28 ./Drivers/STM32F4xx_HAL_Driver/Src/stm32f4xx_hal.o
                0x0000000008001600                HAL_IncTick
 .text.HAL_GetTick
                0x0000000008001628       0x18 ./Drivers/STM32F4xx_HAL_Driver/Src/stm32f4xx_hal.o
                0x0000000008001628                HAL_GetTick
 .text.HAL_Delay
                0x0000000008001640       0x48 ./Drivers/STM32F4xx_HAL_Driver/Src/stm32f4xx_hal.o
                0x0000000008001640                HAL_Delay
 .text.HAL_ADC_Init
                0x0000000008001688       0x86 ./Drivers/STM32F4xx_HAL_Driver/Src/stm32f4xx_hal_adc.o
                0x0000000008001688                HAL_ADC_Init
 *fill*         0x000000000800170e        0x2 
 .text.HAL_ADC_Start
                0x0000000008001710      0x168 ./Drivers/STM32F4xx_HAL_Driver/Src/stm32f4xx_hal_adc.o
                0x0000000008001710                HAL_ADC_Start
 .text.HAL_ADC_PollForConversion
                0x0000000008001878      0x116 ./Drivers/STM32F4xx_HAL_Driver/Src/stm32f4xx_hal_adc.o
                0x0000000008001878                HAL_ADC_PollForConversion
 .text.HAL_ADC_GetValue
                0x000000000800198e       0x1a ./Drivers/STM32F4xx_HAL_Driver/Src/stm32f4xx_hal_adc.o
                0x000000000800198e                HAL_ADC_GetValue
 .text.HAL_ADC_ConfigChannel
                0x00000000080019a8      0x264 ./Drivers/STM32F4xx_HAL_Driver/Src/stm32f4xx_hal_adc.o
                0x00000000080019a8                HAL_ADC_ConfigChannel
 .text.ADC_Init
                0x0000000008001c0c      0x1f8 ./Drivers/STM32F4xx_HAL_Driver/Src/stm32f4xx_hal_adc.o
 .text.__NVIC_SetPriorityGrouping
                0x0000000008001e04       0x48 ./Drivers/STM32F4xx_HAL_Driver/Src/stm32f4xx_hal_cortex.o
 .text.__NVIC_GetPriorityGrouping
                0x0000000008001e4c       0x1c ./Drivers/STM32F4xx_HAL_Driver/Src/stm32f4xx_hal_cortex.o
 .text.__NVIC_EnableIRQ
                0x0000000008001e68       0x3c ./Drivers/STM32F4xx_HAL_Driver/Src/stm32f4xx_hal_cortex.o
 .text.__NVIC_SetPriority
                0x0000000008001ea4       0x54 ./Drivers/STM32F4xx_HAL_Driver/Src/stm32f4xx_hal_cortex.o
 .text.NVIC_EncodePriority
                0x0000000008001ef8       0x66 ./Drivers/STM32F4xx_HAL_Driver/Src/stm32f4xx_hal_cortex.o
 *fill*         0x0000000008001f5e        0x2 
 .text.SysTick_Config
                0x0000000008001f60       0x44 ./Drivers/STM32F4xx_HAL_Driver/Src/stm32f4xx_hal_cortex.o
 .text.HAL_NVIC_SetPriorityGrouping
                0x0000000008001fa4       0x16 ./Drivers/STM32F4xx_HAL_Driver/Src/stm32f4xx_hal_cortex.o
                0x0000000008001fa4                HAL_NVIC_SetPriorityGrouping
 .text.HAL_NVIC_SetPriority
                0x0000000008001fba       0x38 ./Drivers/STM32F4xx_HAL_Driver/Src/stm32f4xx_hal_cortex.o
                0x0000000008001fba                HAL_NVIC_SetPriority
 .text.HAL_NVIC_EnableIRQ
                0x0000000008001ff2       0x1c ./Drivers/STM32F4xx_HAL_Driver/Src/stm32f4xx_hal_cortex.o
                0x0000000008001ff2                HAL_NVIC_EnableIRQ
 .text.HAL_SYSTICK_Config
                0x000000000800200e       0x18 ./Drivers/STM32F4xx_HAL_Driver/Src/stm32f4xx_hal_cortex.o
                0x000000000800200e                HAL_SYSTICK_Config
 *fill*         0x0000000008002026        0x2 
 .text.HAL_GPIO_Init
                0x0000000008002028      0x308 ./Drivers/STM32F4xx_HAL_Driver/Src/stm32f4xx_hal_gpio.o
                0x0000000008002028                HAL_GPIO_Init
 .text.HAL_GPIO_WritePin
                0x0000000008002330       0x32 ./Drivers/STM32F4xx_HAL_Driver/Src/stm32f4xx_hal_gpio.o
                0x0000000008002330                HAL_GPIO_WritePin
 *fill*         0x0000000008002362        0x2 
 .text.HAL_GPIO_EXTI_IRQHandler
                0x0000000008002364       0x30 ./Drivers/STM32F4xx_HAL_Driver/Src/stm32f4xx_hal_gpio.o
                0x0000000008002364                HAL_GPIO_EXTI_IRQHandler
 .text.HAL_I2C_Init
                0x0000000008002394      0x288 ./Drivers/STM32F4xx_HAL_Driver/Src/stm32f4xx_hal_i2c.o
                0x0000000008002394                HAL_I2C_Init
 .text.HAL_I2C_Master_Transmit
                0x000000000800261c      0x1fc ./Drivers/STM32F4xx_HAL_Driver/Src/stm32f4xx_hal_i2c.o
                0x000000000800261c                HAL_I2C_Master_Transmit
 .text.I2C_MasterRequestWrite
                0x0000000008002818      0x104 ./Drivers/STM32F4xx_HAL_Driver/Src/stm32f4xx_hal_i2c.o
 .text.I2C_WaitOnFlagUntilTimeout
                0x000000000800291c       0xae ./Drivers/STM32F4xx_HAL_Driver/Src/stm32f4xx_hal_i2c.o
 .text.I2C_WaitOnMasterAddressFlagUntilTimeout
                0x00000000080029ca       0xfe ./Drivers/STM32F4xx_HAL_Driver/Src/stm32f4xx_hal_i2c.o
 .text.I2C_WaitOnTXEFlagUntilTimeout
                0x0000000008002ac8       0x82 ./Drivers/STM32F4xx_HAL_Driver/Src/stm32f4xx_hal_i2c.o
 .text.I2C_WaitOnBTFFlagUntilTimeout
                0x0000000008002b4a       0x82 ./Drivers/STM32F4xx_HAL_Driver/Src/stm32f4xx_hal_i2c.o
 .text.I2C_IsAcknowledgeFailed
                0x0000000008002bcc       0x5e ./Drivers/STM32F4xx_HAL_Driver/Src/stm32f4xx_hal_i2c.o
 *fill*         0x0000000008002c2a        0x2 
 .text.HAL_RCC_OscConfig
                0x0000000008002c2c      0x4f0 ./Drivers/STM32F4xx_HAL_Driver/Src/stm32f4xx_hal_rcc.o
                0x0000000008002c2c                HAL_RCC_OscConfig
 .text.HAL_RCC_ClockConfig
                0x000000000800311c      0x1cc ./Drivers/STM32F4xx_HAL_Driver/Src/stm32f4xx_hal_rcc.o
                0x000000000800311c                HAL_RCC_ClockConfig
 .text.HAL_RCC_GetSysClockFreq
                0x00000000080032e8      0x208 ./Drivers/STM32F4xx_HAL_Driver/Src/stm32f4xx_hal_rcc.o
                0x00000000080032e8                HAL_RCC_GetSysClockFreq
 .text.HAL_RCC_GetHCLKFreq
                0x00000000080034f0       0x18 ./Drivers/STM32F4xx_HAL_Driver/Src/stm32f4xx_hal_rcc.o
                0x00000000080034f0                HAL_RCC_GetHCLKFreq
 .text.HAL_RCC_GetPCLK1Freq
                0x0000000008003508       0x28 ./Drivers/STM32F4xx_HAL_Driver/Src/stm32f4xx_hal_rcc.o
                0x0000000008003508                HAL_RCC_GetPCLK1Freq
 .text.lcd_send_cmd
                0x0000000008003530       0x60 ./Hw/I2C_PCF8574_LCD/i2c-lcd.o
                0x0000000008003530                lcd_send_cmd
 .text.lcd_send_data
                0x0000000008003590       0x60 ./Hw/I2C_PCF8574_LCD/i2c-lcd.o
                0x0000000008003590                lcd_send_data
 .text.lcd_clear
                0x00000000080035f0       0x2e ./Hw/I2C_PCF8574_LCD/i2c-lcd.o
                0x00000000080035f0                lcd_clear
 .text.lcd_put_cur
                0x000000000800361e       0x3e ./Hw/I2C_PCF8574_LCD/i2c-lcd.o
                0x000000000800361e                lcd_put_cur
 .text.lcd_init
                0x000000000800365c       0x7a ./Hw/I2C_PCF8574_LCD/i2c-lcd.o
                0x000000000800365c                lcd_init
 .text.lcd_send_string
                0x00000000080036d6       0x2a ./Hw/I2C_PCF8574_LCD/i2c-lcd.o
                0x00000000080036d6                lcd_send_string
 .text.showSensorDistance
                0x0000000008003700       0x4c ./Hw/I2C_PCF8574_LCD/i2c-lcd.o
                0x0000000008003700                showSensorDistance
 .text.showVelocityAndCount
                0x000000000800374c       0x90 ./Hw/I2C_PCF8574_LCD/i2c-lcd.o
                0x000000000800374c                showVelocityAndCount
 .text.GetDistanceSensor
                0x00000000080037dc       0x40 ./Hw/Potentiometer/potentiometer.o
                0x00000000080037dc                GetDistanceSensor
 .text.ConvertModeToLLD
                0x000000000800381c       0x58 ./Hw/vl53l1/vl53l1_api.o
 .text.VL53L1_DataInit
                0x0000000008003874       0xaa ./Hw/vl53l1/vl53l1_api.o
                0x0000000008003874                VL53L1_DataInit
 .text.VL53L1_StaticInit
                0x000000000800391e       0x4e ./Hw/vl53l1/vl53l1_api.o
                0x000000000800391e                VL53L1_StaticInit
 .text.VL53L1_WaitDeviceBooted
                0x000000000800396c       0x26 ./Hw/vl53l1/vl53l1_api.o
                0x000000000800396c                VL53L1_WaitDeviceBooted
 *fill*         0x0000000008003992        0x2 
 .text.ComputeDevicePresetMode
                0x0000000008003994       0xd0 ./Hw/vl53l1/vl53l1_api.o
 .text.SetPresetMode
                0x0000000008003a64       0xce ./Hw/vl53l1/vl53l1_api.o
 .text.VL53L1_SetPresetMode
                0x0000000008003b32       0x90 ./Hw/vl53l1/vl53l1_api.o
                0x0000000008003b32                VL53L1_SetPresetMode
 .text.VL53L1_SetDistanceMode
                0x0000000008003bc2      0x10c ./Hw/vl53l1/vl53l1_api.o
                0x0000000008003bc2                VL53L1_SetDistanceMode
 *fill*         0x0000000008003cce        0x2 
 .text.VL53L1_SetMeasurementTimingBudgetMicroSeconds
                0x0000000008003cd0      0x1ac ./Hw/vl53l1/vl53l1_api.o
                0x0000000008003cd0                VL53L1_SetMeasurementTimingBudgetMicroSeconds
 .text.VL53L1_SetInterMeasurementPeriodMilliSeconds
                0x0000000008003e7c       0x26 ./Hw/vl53l1/vl53l1_api.o
                0x0000000008003e7c                VL53L1_SetInterMeasurementPeriodMilliSeconds
 .text.SetLimitValue
                0x0000000008003ea2       0x52 ./Hw/vl53l1/vl53l1_api.o
 .text.VL53L1_SetLimitCheckEnable
                0x0000000008003ef4       0x7c ./Hw/vl53l1/vl53l1_api.o
                0x0000000008003ef4                VL53L1_SetLimitCheckEnable
 .text.VL53L1_SetLimitCheckValue
                0x0000000008003f70       0x72 ./Hw/vl53l1/vl53l1_api.o
                0x0000000008003f70                VL53L1_SetLimitCheckValue
 .text.VL53L1_GetSequenceStepEnable
                0x0000000008003fe2       0x2e ./Hw/vl53l1/vl53l1_api.o
                0x0000000008003fe2                VL53L1_GetSequenceStepEnable
 .text.VL53L1_StartMeasurement
                0x0000000008004010       0x7e ./Hw/vl53l1/vl53l1_api.o
                0x0000000008004010                VL53L1_StartMeasurement
 *fill*         0x000000000800408e        0x2 
 .text.VL53L1_SetThresholdConfig
                0x0000000008004090      0x1b0 ./Hw/vl53l1/vl53l1_api.o
                0x0000000008004090                VL53L1_SetThresholdConfig
 .text.VL53L1_data_init
                0x0000000008004240      0x13a ./Hw/vl53l1/vl53l1_api_core.o
                0x0000000008004240                VL53L1_data_init
 .text.VL53L1_read_p2p_data
                0x000000000800437a      0x100 ./Hw/vl53l1/vl53l1_api_core.o
                0x000000000800437a                VL53L1_read_p2p_data
 .text.VL53L1_set_inter_measurement_period_ms
                0x000000000800447a       0x52 ./Hw/vl53l1/vl53l1_api_core.o
                0x000000000800447a                VL53L1_set_inter_measurement_period_ms
 .text.VL53L1_set_timeouts_us
                0x00000000080044cc       0x70 ./Hw/vl53l1/vl53l1_api_core.o
                0x00000000080044cc                VL53L1_set_timeouts_us
 .text.VL53L1_get_timeouts_us
                0x000000000800453c       0xd6 ./Hw/vl53l1/vl53l1_api_core.o
                0x000000000800453c                VL53L1_get_timeouts_us
 .text.VL53L1_get_sequence_config_bit
                0x0000000008004612       0x6e ./Hw/vl53l1/vl53l1_api_core.o
                0x0000000008004612                VL53L1_get_sequence_config_bit
 .text.VL53L1_set_user_zone
                0x0000000008004680       0x46 ./Hw/vl53l1/vl53l1_api_core.o
                0x0000000008004680                VL53L1_set_user_zone
 .text.VL53L1_get_user_zone
                0x00000000080046c6       0x44 ./Hw/vl53l1/vl53l1_api_core.o
                0x00000000080046c6                VL53L1_get_user_zone
 .text.VL53L1_get_mode_mitigation_roi
                0x000000000800470a       0x68 ./Hw/vl53l1/vl53l1_api_core.o
                0x000000000800470a                VL53L1_get_mode_mitigation_roi
 *fill*         0x0000000008004772        0x2 
 .text.VL53L1_get_preset_mode_timing_cfg
                0x0000000008004774      0x154 ./Hw/vl53l1/vl53l1_api_core.o
                0x0000000008004774                VL53L1_get_preset_mode_timing_cfg
 .text.VL53L1_set_preset_mode
                0x00000000080048c8      0x2ec ./Hw/vl53l1/vl53l1_api_core.o
                0x00000000080048c8                VL53L1_set_preset_mode
 .text.VL53L1_set_lite_sigma_threshold
                0x0000000008004bb4       0x2c ./Hw/vl53l1/vl53l1_api_core.o
                0x0000000008004bb4                VL53L1_set_lite_sigma_threshold
 .text.VL53L1_set_lite_min_count_rate
                0x0000000008004be0       0x2c ./Hw/vl53l1/vl53l1_api_core.o
                0x0000000008004be0                VL53L1_set_lite_min_count_rate
 .text.VL53L1_set_vhv_loopbound
                0x0000000008004c0c       0x40 ./Hw/vl53l1/vl53l1_api_core.o
                0x0000000008004c0c                VL53L1_set_vhv_loopbound
 .text.VL53L1_init_and_start_range
                0x0000000008004c4c      0x4c4 ./Hw/vl53l1/vl53l1_api_core.o
                0x0000000008004c4c                VL53L1_init_and_start_range
 .text.VL53L1_set_GPIO_interrupt_config_struct
                0x0000000008005110       0x5c ./Hw/vl53l1/vl53l1_api_core.o
                0x0000000008005110                VL53L1_set_GPIO_interrupt_config_struct
 .text.VL53L1_get_GPIO_interrupt_config
                0x000000000800516c       0x84 ./Hw/vl53l1/vl53l1_api_core.o
                0x000000000800516c                VL53L1_get_GPIO_interrupt_config
 .text.VL53L1_get_tuning_parm
                0x00000000080051f0      0x448 ./Hw/vl53l1/vl53l1_api_core.o
                0x00000000080051f0                VL53L1_get_tuning_parm
 .text.VL53L1_init_refspadchar_config_struct
                0x0000000008005638       0x48 ./Hw/vl53l1/vl53l1_api_preset_modes.o
                0x0000000008005638                VL53L1_init_refspadchar_config_struct
 .text.VL53L1_init_ssc_config_struct
                0x0000000008005680       0x42 ./Hw/vl53l1/vl53l1_api_preset_modes.o
                0x0000000008005680                VL53L1_init_ssc_config_struct
 .text.VL53L1_init_xtalk_config_struct
                0x00000000080056c2       0xc4 ./Hw/vl53l1/vl53l1_api_preset_modes.o
                0x00000000080056c2                VL53L1_init_xtalk_config_struct
 .text.VL53L1_init_offset_cal_config_struct
                0x0000000008005786       0x4e ./Hw/vl53l1/vl53l1_api_preset_modes.o
                0x0000000008005786                VL53L1_init_offset_cal_config_struct
 .text.VL53L1_init_tuning_parm_storage_struct
                0x00000000080057d4      0x11c ./Hw/vl53l1/vl53l1_api_preset_modes.o
                0x00000000080057d4                VL53L1_init_tuning_parm_storage_struct
 .text.VL53L1_preset_mode_standard_ranging
                0x00000000080058f0      0x23c ./Hw/vl53l1/vl53l1_api_preset_modes.o
                0x00000000080058f0                VL53L1_preset_mode_standard_ranging
 .text.VL53L1_preset_mode_standard_ranging_short_range
                0x0000000008005b2c       0x82 ./Hw/vl53l1/vl53l1_api_preset_modes.o
                0x0000000008005b2c                VL53L1_preset_mode_standard_ranging_short_range
 .text.VL53L1_preset_mode_standard_ranging_long_range
                0x0000000008005bae       0x82 ./Hw/vl53l1/vl53l1_api_preset_modes.o
                0x0000000008005bae                VL53L1_preset_mode_standard_ranging_long_range
 .text.VL53L1_preset_mode_standard_ranging_mm1_cal
                0x0000000008005c30       0x4a ./Hw/vl53l1/vl53l1_api_preset_modes.o
                0x0000000008005c30                VL53L1_preset_mode_standard_ranging_mm1_cal
 .text.VL53L1_preset_mode_standard_ranging_mm2_cal
                0x0000000008005c7a       0x4a ./Hw/vl53l1/vl53l1_api_preset_modes.o
                0x0000000008005c7a                VL53L1_preset_mode_standard_ranging_mm2_cal
 .text.VL53L1_preset_mode_timed_ranging
                0x0000000008005cc4       0x74 ./Hw/vl53l1/vl53l1_api_preset_modes.o
                0x0000000008005cc4                VL53L1_preset_mode_timed_ranging
 .text.VL53L1_preset_mode_timed_ranging_short_range
                0x0000000008005d38       0x74 ./Hw/vl53l1/vl53l1_api_preset_modes.o
                0x0000000008005d38                VL53L1_preset_mode_timed_ranging_short_range
 .text.VL53L1_preset_mode_timed_ranging_long_range
                0x0000000008005dac       0x74 ./Hw/vl53l1/vl53l1_api_preset_modes.o
                0x0000000008005dac                VL53L1_preset_mode_timed_ranging_long_range
 .text.VL53L1_preset_mode_low_power_auto_ranging
                0x0000000008005e20       0x4c ./Hw/vl53l1/vl53l1_api_preset_modes.o
                0x0000000008005e20                VL53L1_preset_mode_low_power_auto_ranging
 .text.VL53L1_preset_mode_low_power_auto_short_ranging
                0x0000000008005e6c       0x4c ./Hw/vl53l1/vl53l1_api_preset_modes.o
                0x0000000008005e6c                VL53L1_preset_mode_low_power_auto_short_ranging
 .text.VL53L1_preset_mode_low_power_auto_long_ranging
                0x0000000008005eb8       0x4c ./Hw/vl53l1/vl53l1_api_preset_modes.o
                0x0000000008005eb8                VL53L1_preset_mode_low_power_auto_long_ranging
 .text.VL53L1_preset_mode_singleshot_ranging
                0x0000000008005f04       0x6c ./Hw/vl53l1/vl53l1_api_preset_modes.o
                0x0000000008005f04                VL53L1_preset_mode_singleshot_ranging
 .text.VL53L1_preset_mode_olt
                0x0000000008005f70       0x44 ./Hw/vl53l1/vl53l1_api_preset_modes.o
                0x0000000008005f70                VL53L1_preset_mode_olt
 .text.VL53L1_init_version
                0x0000000008005fb4       0x38 ./Hw/vl53l1/vl53l1_core.o
                0x0000000008005fb4                VL53L1_init_version
 .text.VL53L1_init_ll_driver_state
                0x0000000008005fec       0x52 ./Hw/vl53l1/vl53l1_core.o
                0x0000000008005fec                VL53L1_init_ll_driver_state
 *fill*         0x000000000800603e        0x2 
 .text.VL53L1_update_ll_driver_rd_state
                0x0000000008006040      0x110 ./Hw/vl53l1/vl53l1_core.o
                0x0000000008006040                VL53L1_update_ll_driver_rd_state
 .text.VL53L1_update_ll_driver_cfg_state
                0x0000000008006150       0xcc ./Hw/vl53l1/vl53l1_core.o
                0x0000000008006150                VL53L1_update_ll_driver_cfg_state
 .text.VL53L1_copy_rtn_good_spads_to_buffer
                0x000000000800621c      0x174 ./Hw/vl53l1/vl53l1_core.o
                0x000000000800621c                VL53L1_copy_rtn_good_spads_to_buffer
 .text.VL53L1_i2c_encode_uint16_t
                0x0000000008006390       0x56 ./Hw/vl53l1/vl53l1_core.o
                0x0000000008006390                VL53L1_i2c_encode_uint16_t
 .text.VL53L1_i2c_decode_uint16_t
                0x00000000080063e6       0x40 ./Hw/vl53l1/vl53l1_core.o
                0x00000000080063e6                VL53L1_i2c_decode_uint16_t
 .text.VL53L1_i2c_encode_int16_t
                0x0000000008006426       0x58 ./Hw/vl53l1/vl53l1_core.o
                0x0000000008006426                VL53L1_i2c_encode_int16_t
 .text.VL53L1_i2c_decode_int16_t
                0x000000000800647e       0x52 ./Hw/vl53l1/vl53l1_core.o
                0x000000000800647e                VL53L1_i2c_decode_int16_t
 .text.VL53L1_i2c_encode_uint32_t
                0x00000000080064d0       0x54 ./Hw/vl53l1/vl53l1_core.o
                0x00000000080064d0                VL53L1_i2c_encode_uint32_t
 .text.VL53L1_calc_macro_period_us
                0x0000000008006524       0x5e ./Hw/vl53l1/vl53l1_core.o
                0x0000000008006524                VL53L1_calc_macro_period_us
 *fill*         0x0000000008006582        0x2 
 .text.VL53L1_calc_range_ignore_threshold
                0x0000000008006584       0xc4 ./Hw/vl53l1/vl53l1_core.o
                0x0000000008006584                VL53L1_calc_range_ignore_threshold
 .text.VL53L1_calc_timeout_mclks
                0x0000000008006648       0x2e ./Hw/vl53l1/vl53l1_core.o
                0x0000000008006648                VL53L1_calc_timeout_mclks
 .text.VL53L1_calc_encoded_timeout
                0x0000000008006676       0x30 ./Hw/vl53l1/vl53l1_core.o
                0x0000000008006676                VL53L1_calc_encoded_timeout
 .text.VL53L1_calc_timeout_us
                0x00000000080066a6       0x80 ./Hw/vl53l1/vl53l1_core.o
                0x00000000080066a6                VL53L1_calc_timeout_us
 .text.VL53L1_calc_decoded_timeout_us
                0x0000000008006726       0x32 ./Hw/vl53l1/vl53l1_core.o
                0x0000000008006726                VL53L1_calc_decoded_timeout_us
 .text.VL53L1_encode_timeout
                0x0000000008006758       0x58 ./Hw/vl53l1/vl53l1_core.o
                0x0000000008006758                VL53L1_encode_timeout
 .text.VL53L1_decode_timeout
                0x00000000080067b0       0x2c ./Hw/vl53l1/vl53l1_core.o
                0x00000000080067b0                VL53L1_decode_timeout
 .text.VL53L1_calc_timeout_register_values
                0x00000000080067dc       0xf2 ./Hw/vl53l1/vl53l1_core.o
                0x00000000080067dc                VL53L1_calc_timeout_register_values
 .text.VL53L1_encode_row_col
                0x00000000080068ce       0x4e ./Hw/vl53l1/vl53l1_core.o
                0x00000000080068ce                VL53L1_encode_row_col
 .text.VL53L1_decode_zone_size
                0x000000000800691c       0x30 ./Hw/vl53l1/vl53l1_core.o
                0x000000000800691c                VL53L1_decode_zone_size
 .text.VL53L1_encode_zone_size
                0x000000000800694c       0x2c ./Hw/vl53l1/vl53l1_core.o
                0x000000000800694c                VL53L1_encode_zone_size
 .text.VL53L1_encode_GPIO_interrupt_config
                0x0000000008006978       0x64 ./Hw/vl53l1/vl53l1_core.o
                0x0000000008006978                VL53L1_encode_GPIO_interrupt_config
 .text.VL53L1_decode_GPIO_interrupt_config
                0x00000000080069dc       0x76 ./Hw/vl53l1/vl53l1_core.o
                0x00000000080069dc                VL53L1_decode_GPIO_interrupt_config
 .text.VL53L1_set_GPIO_distance_threshold
                0x0000000008006a52       0x38 ./Hw/vl53l1/vl53l1_core.o
                0x0000000008006a52                VL53L1_set_GPIO_distance_threshold
 .text.VL53L1_set_GPIO_rate_threshold
                0x0000000008006a8a       0x38 ./Hw/vl53l1/vl53l1_core.o
                0x0000000008006a8a                VL53L1_set_GPIO_rate_threshold
 .text.VL53L1_set_GPIO_thresholds_from_struct
                0x0000000008006ac2       0x4a ./Hw/vl53l1/vl53l1_core.o
                0x0000000008006ac2                VL53L1_set_GPIO_thresholds_from_struct
 .text.VL53L1_low_power_auto_data_init
                0x0000000008006b0c       0x68 ./Hw/vl53l1/vl53l1_core.o
                0x0000000008006b0c                VL53L1_low_power_auto_data_init
 .text.VL53L1_config_low_power_auto_mode
                0x0000000008006b74       0x40 ./Hw/vl53l1/vl53l1_core.o
                0x0000000008006b74                VL53L1_config_low_power_auto_mode
 .text.VL53L1_calc_pll_period_us
                0x0000000008006bb4       0x28 ./Hw/vl53l1/vl53l1_core_support.o
                0x0000000008006bb4                VL53L1_calc_pll_period_us
 .text.VL53L1_decode_vcsel_period
                0x0000000008006bdc       0x26 ./Hw/vl53l1/vl53l1_core_support.o
                0x0000000008006bdc                VL53L1_decode_vcsel_period
 .text.VL53L1_decode_row_col
                0x0000000008006c02       0x5e ./Hw/vl53l1/vl53l1_core_support.o
                0x0000000008006c02                VL53L1_decode_row_col
 .text.VL53L1_WriteMulti
                0x0000000008006c60       0x24 ./Hw/vl53l1/vl53l1_platform.o
                0x0000000008006c60                VL53L1_WriteMulti
 .text.VL53L1_ReadMulti
                0x0000000008006c84       0x24 ./Hw/vl53l1/vl53l1_platform.o
                0x0000000008006c84                VL53L1_ReadMulti
 .text.VL53L1_RdWord
                0x0000000008006ca8       0x22 ./Hw/vl53l1/vl53l1_platform.o
                0x0000000008006ca8                VL53L1_RdWord
 .text.VL53L1_WaitUs
                0x0000000008006cca       0x1e ./Hw/vl53l1/vl53l1_platform.o
                0x0000000008006cca                VL53L1_WaitUs
 .text.VL53L1_WaitValueMaskEx
                0x0000000008006ce8       0x2a ./Hw/vl53l1/vl53l1_platform.o
                0x0000000008006ce8                VL53L1_WaitValueMaskEx
 .text.VL53L1_i2c_encode_static_nvm_managed
                0x0000000008006d12       0xb6 ./Hw/vl53l1/vl53l1_register_funcs.o
                0x0000000008006d12                VL53L1_i2c_encode_static_nvm_managed
 .text.VL53L1_i2c_decode_static_nvm_managed
                0x0000000008006dc8       0xb4 ./Hw/vl53l1/vl53l1_register_funcs.o
                0x0000000008006dc8                VL53L1_i2c_decode_static_nvm_managed
 .text.VL53L1_get_static_nvm_managed
                0x0000000008006e7c       0x4e ./Hw/vl53l1/vl53l1_register_funcs.o
                0x0000000008006e7c                VL53L1_get_static_nvm_managed
 .text.VL53L1_i2c_encode_customer_nvm_managed
                0x0000000008006eca      0x114 ./Hw/vl53l1/vl53l1_register_funcs.o
                0x0000000008006eca                VL53L1_i2c_encode_customer_nvm_managed
 .text.VL53L1_i2c_decode_customer_nvm_managed
                0x0000000008006fde      0x11a ./Hw/vl53l1/vl53l1_register_funcs.o
                0x0000000008006fde                VL53L1_i2c_decode_customer_nvm_managed
 .text.VL53L1_get_customer_nvm_managed
                0x00000000080070f8       0x4e ./Hw/vl53l1/vl53l1_register_funcs.o
                0x00000000080070f8                VL53L1_get_customer_nvm_managed
 .text.VL53L1_i2c_encode_static_config
                0x0000000008007146      0x1c6 ./Hw/vl53l1/vl53l1_register_funcs.o
                0x0000000008007146                VL53L1_i2c_encode_static_config
 .text.VL53L1_i2c_encode_general_config
                0x000000000800730c      0x108 ./Hw/vl53l1/vl53l1_register_funcs.o
                0x000000000800730c                VL53L1_i2c_encode_general_config
 .text.VL53L1_i2c_encode_timing_config
                0x0000000008007414      0x104 ./Hw/vl53l1/vl53l1_register_funcs.o
                0x0000000008007414                VL53L1_i2c_encode_timing_config
 .text.VL53L1_i2c_encode_dynamic_config
                0x0000000008007518      0x10a ./Hw/vl53l1/vl53l1_register_funcs.o
                0x0000000008007518                VL53L1_i2c_encode_dynamic_config
 .text.VL53L1_i2c_encode_system_control
                0x0000000008007622       0x76 ./Hw/vl53l1/vl53l1_register_funcs.o
                0x0000000008007622                VL53L1_i2c_encode_system_control
 .text.VL53L1_i2c_decode_nvm_copy_data
                0x0000000008007698      0x24c ./Hw/vl53l1/vl53l1_register_funcs.o
                0x0000000008007698                VL53L1_i2c_decode_nvm_copy_data
 .text.VL53L1_get_nvm_copy_data
                0x00000000080078e4       0x56 ./Hw/vl53l1/vl53l1_register_funcs.o
                0x00000000080078e4                VL53L1_get_nvm_copy_data
 *fill*         0x000000000800793a        0x2 
 .text.ConfigAndStartSensor
                0x000000000800793c      0x104 ./Hw/vl53l1/vl53l1_sensor.o
                0x000000000800793c                ConfigAndStartSensor
 .text.VL53L1_poll_for_boot_completion
                0x0000000008007a40       0x58 ./Hw/vl53l1/vl53l1_wait.o
                0x0000000008007a40                VL53L1_poll_for_boot_completion
 .text.__errno  0x0000000008007a98        0xc d:/86xprograms/cube/stm32cubeide_1.12.0/stm32cubeide/plugins/com.st.stm32cube.ide.mcu.externaltools.gnu-tools-for-stm32.10.3-2021.10.win32_1.0.200.202301161003/tools/bin/../lib/gcc/arm-none-eabi/10.3.1/../../../../arm-none-eabi/lib/thumb/v7e-m+fp/hard\libc_nano.a(lib_a-errno.o)
                0x0000000008007a98                __errno
 .text.__libc_init_array
                0x0000000008007aa4       0x48 d:/86xprograms/cube/stm32cubeide_1.12.0/stm32cubeide/plugins/com.st.stm32cube.ide.mcu.externaltools.gnu-tools-for-stm32.10.3-2021.10.win32_1.0.200.202301161003/tools/bin/../lib/gcc/arm-none-eabi/10.3.1/../../../../arm-none-eabi/lib/thumb/v7e-m+fp/hard\libc_nano.a(lib_a-init.o)
                0x0000000008007aa4                __libc_init_array
 .text.memcpy   0x0000000008007aec       0x1c d:/86xprograms/cube/stm32cubeide_1.12.0/stm32cubeide/plugins/com.st.stm32cube.ide.mcu.externaltools.gnu-tools-for-stm32.10.3-2021.10.win32_1.0.200.202301161003/tools/bin/../lib/gcc/arm-none-eabi/10.3.1/../../../../arm-none-eabi/lib/thumb/v7e-m+fp/hard\libc_nano.a(lib_a-memcpy-stub.o)
                0x0000000008007aec                memcpy
 .text.memset   0x0000000008007b08       0x10 d:/86xprograms/cube/stm32cubeide_1.12.0/stm32cubeide/plugins/com.st.stm32cube.ide.mcu.externaltools.gnu-tools-for-stm32.10.3-2021.10.win32_1.0.200.202301161003/tools/bin/../lib/gcc/arm-none-eabi/10.3.1/../../../../arm-none-eabi/lib/thumb/v7e-m+fp/hard\libc_nano.a(lib_a-memset.o)
                0x0000000008007b08                memset
 .text.sprintf  0x0000000008007b18       0x40 d:/86xprograms/cube/stm32cubeide_1.12.0/stm32cubeide/plugins/com.st.stm32cube.ide.mcu.externaltools.gnu-tools-for-stm32.10.3-2021.10.win32_1.0.200.202301161003/tools/bin/../lib/gcc/arm-none-eabi/10.3.1/../../../../arm-none-eabi/lib/thumb/v7e-m+fp/hard\libc_nano.a(lib_a-sprintf.o)
                0x0000000008007b18                siprintf
                0x0000000008007b18                sprintf
 .text.__ssputs_r
                0x0000000008007b58       0xb6 d:/86xprograms/cube/stm32cubeide_1.12.0/stm32cubeide/plugins/com.st.stm32cube.ide.mcu.externaltools.gnu-tools-for-stm32.10.3-2021.10.win32_1.0.200.202301161003/tools/bin/../lib/gcc/arm-none-eabi/10.3.1/../../../../arm-none-eabi/lib/thumb/v7e-m+fp/hard\libc_nano.a(lib_a-nano-svfprintf.o)
                0x0000000008007b58                __ssputs_r
 *fill*         0x0000000008007c0e        0x2 
 .text._svfprintf_r
                0x0000000008007c10      0x200 d:/86xprograms/cube/stm32cubeide_1.12.0/stm32cubeide/plugins/com.st.stm32cube.ide.mcu.externaltools.gnu-tools-for-stm32.10.3-2021.10.win32_1.0.200.202301161003/tools/bin/../lib/gcc/arm-none-eabi/10.3.1/../../../../arm-none-eabi/lib/thumb/v7e-m+fp/hard\libc_nano.a(lib_a-nano-svfprintf.o)
                0x0000000008007c10                _svfiprintf_r
                0x0000000008007c10                _svfprintf_r
 .text._printf_common
                0x0000000008007e10       0xda d:/86xprograms/cube/stm32cubeide_1.12.0/stm32cubeide/plugins/com.st.stm32cube.ide.mcu.externaltools.gnu-tools-for-stm32.10.3-2021.10.win32_1.0.200.202301161003/tools/bin/../lib/gcc/arm-none-eabi/10.3.1/../../../../arm-none-eabi/lib/thumb/v7e-m+fp/hard\libc_nano.a(lib_a-nano-vfprintf_i.o)
                0x0000000008007e10                _printf_common
 *fill*         0x0000000008007eea        0x2 
 .text._printf_i
                0x0000000008007eec      0x24c d:/86xprograms/cube/stm32cubeide_1.12.0/stm32cubeide/plugins/com.st.stm32cube.ide.mcu.externaltools.gnu-tools-for-stm32.10.3-2021.10.win32_1.0.200.202301161003/tools/bin/../lib/gcc/arm-none-eabi/10.3.1/../../../../arm-none-eabi/lib/thumb/v7e-m+fp/hard\libc_nano.a(lib_a-nano-vfprintf_i.o)
                0x0000000008007eec                _printf_i
 .text.memmove  0x0000000008008138       0x34 d:/86xprograms/cube/stm32cubeide_1.12.0/stm32cubeide/plugins/com.st.stm32cube.ide.mcu.externaltools.gnu-tools-for-stm32.10.3-2021.10.win32_1.0.200.202301161003/tools/bin/../lib/gcc/arm-none-eabi/10.3.1/../../../../arm-none-eabi/lib/thumb/v7e-m+fp/hard\libc_nano.a(lib_a-memmove.o)
                0x0000000008008138                memmove
 .text._free_r  0x000000000800816c       0x98 d:/86xprograms/cube/stm32cubeide_1.12.0/stm32cubeide/plugins/com.st.stm32cube.ide.mcu.externaltools.gnu-tools-for-stm32.10.3-2021.10.win32_1.0.200.202301161003/tools/bin/../lib/gcc/arm-none-eabi/10.3.1/../../../../arm-none-eabi/lib/thumb/v7e-m+fp/hard\libc_nano.a(lib_a-nano-freer.o)
                0x000000000800816c                _free_r
 .text.sbrk_aligned
                0x0000000008008204       0x40 d:/86xprograms/cube/stm32cubeide_1.12.0/stm32cubeide/plugins/com.st.stm32cube.ide.mcu.externaltools.gnu-tools-for-stm32.10.3-2021.10.win32_1.0.200.202301161003/tools/bin/../lib/gcc/arm-none-eabi/10.3.1/../../../../arm-none-eabi/lib/thumb/v7e-m+fp/hard\libc_nano.a(lib_a-nano-mallocr.o)
 .text._malloc_r
                0x0000000008008244       0xe8 d:/86xprograms/cube/stm32cubeide_1.12.0/stm32cubeide/plugins/com.st.stm32cube.ide.mcu.externaltools.gnu-tools-for-stm32.10.3-2021.10.win32_1.0.200.202301161003/tools/bin/../lib/gcc/arm-none-eabi/10.3.1/../../../../arm-none-eabi/lib/thumb/v7e-m+fp/hard\libc_nano.a(lib_a-nano-mallocr.o)
                0x0000000008008244                _malloc_r
 .text._realloc_r
                0x000000000800832c       0x5e d:/86xprograms/cube/stm32cubeide_1.12.0/stm32cubeide/plugins/com.st.stm32cube.ide.mcu.externaltools.gnu-tools-for-stm32.10.3-2021.10.win32_1.0.200.202301161003/tools/bin/../lib/gcc/arm-none-eabi/10.3.1/../../../../arm-none-eabi/lib/thumb/v7e-m+fp/hard\libc_nano.a(lib_a-nano-reallocr.o)
                0x000000000800832c                _realloc_r
 *fill*         0x000000000800838a        0x2 
 .text._sbrk_r  0x000000000800838c       0x20 d:/86xprograms/cube/stm32cubeide_1.12.0/stm32cubeide/plugins/com.st.stm32cube.ide.mcu.externaltools.gnu-tools-for-stm32.10.3-2021.10.win32_1.0.200.202301161003/tools/bin/../lib/gcc/arm-none-eabi/10.3.1/../../../../arm-none-eabi/lib/thumb/v7e-m+fp/hard\libc_nano.a(lib_a-sbrkr.o)
                0x000000000800838c                _sbrk_r
 .text.__malloc_lock
                0x00000000080083ac        0xc d:/86xprograms/cube/stm32cubeide_1.12.0/stm32cubeide/plugins/com.st.stm32cube.ide.mcu.externaltools.gnu-tools-for-stm32.10.3-2021.10.win32_1.0.200.202301161003/tools/bin/../lib/gcc/arm-none-eabi/10.3.1/../../../../arm-none-eabi/lib/thumb/v7e-m+fp/hard\libc_nano.a(lib_a-mlock.o)
                0x00000000080083ac                __malloc_lock
 .text.__malloc_unlock
                0x00000000080083b8        0xc d:/86xprograms/cube/stm32cubeide_1.12.0/stm32cubeide/plugins/com.st.stm32cube.ide.mcu.externaltools.gnu-tools-for-stm32.10.3-2021.10.win32_1.0.200.202301161003/tools/bin/../lib/gcc/arm-none-eabi/10.3.1/../../../../arm-none-eabi/lib/thumb/v7e-m+fp/hard\libc_nano.a(lib_a-mlock.o)
                0x00000000080083b8                __malloc_unlock
 .text._malloc_usable_size_r
                0x00000000080083c4       0x10 d:/86xprograms/cube/stm32cubeide_1.12.0/stm32cubeide/plugins/com.st.stm32cube.ide.mcu.externaltools.gnu-tools-for-stm32.10.3-2021.10.win32_1.0.200.202301161003/tools/bin/../lib/gcc/arm-none-eabi/10.3.1/../../../../arm-none-eabi/lib/thumb/v7e-m+fp/hard\libc_nano.a(lib_a-nano-msizer.o)
                0x00000000080083c4                _malloc_usable_size_r
 .text.__retarget_lock_acquire_recursive
                0x00000000080083d4        0x2 d:/86xprograms/cube/stm32cubeide_1.12.0/stm32cubeide/plugins/com.st.stm32cube.ide.mcu.externaltools.gnu-tools-for-stm32.10.3-2021.10.win32_1.0.200.202301161003/tools/bin/../lib/gcc/arm-none-eabi/10.3.1/../../../../arm-none-eabi/lib/thumb/v7e-m+fp/hard\libc_nano.a(lib_a-lock.o)
                0x00000000080083d4                __retarget_lock_acquire_recursive
 .text.__retarget_lock_release_recursive
                0x00000000080083d6        0x2 d:/86xprograms/cube/stm32cubeide_1.12.0/stm32cubeide/plugins/com.st.stm32cube.ide.mcu.externaltools.gnu-tools-for-stm32.10.3-2021.10.win32_1.0.200.202301161003/tools/bin/../lib/gcc/arm-none-eabi/10.3.1/../../../../arm-none-eabi/lib/thumb/v7e-m+fp/hard\libc_nano.a(lib_a-lock.o)
                0x00000000080083d6                __retarget_lock_release_recursive
 *(.glue_7)
 .glue_7        0x00000000080083d8        0x0 linker stubs
 *(.glue_7t)
 .glue_7t       0x00000000080083d8        0x0 linker stubs
 *(.eh_frame)
 .eh_frame      0x00000000080083d8        0x0 d:/86xprograms/cube/stm32cubeide_1.12.0/stm32cubeide/plugins/com.st.stm32cube.ide.mcu.externaltools.gnu-tools-for-stm32.10.3-2021.10.win32_1.0.200.202301161003/tools/bin/../lib/gcc/arm-none-eabi/10.3.1/thumb/v7e-m+fp/hard/crtbegin.o
 *(.init)
 .init          0x00000000080083d8        0x4 d:/86xprograms/cube/stm32cubeide_1.12.0/stm32cubeide/plugins/com.st.stm32cube.ide.mcu.externaltools.gnu-tools-for-stm32.10.3-2021.10.win32_1.0.200.202301161003/tools/bin/../lib/gcc/arm-none-eabi/10.3.1/thumb/v7e-m+fp/hard/crti.o
                0x00000000080083d8                _init
 .init          0x00000000080083dc        0x8 d:/86xprograms/cube/stm32cubeide_1.12.0/stm32cubeide/plugins/com.st.stm32cube.ide.mcu.externaltools.gnu-tools-for-stm32.10.3-2021.10.win32_1.0.200.202301161003/tools/bin/../lib/gcc/arm-none-eabi/10.3.1/thumb/v7e-m+fp/hard/crtn.o
 *(.fini)
 .fini          0x00000000080083e4        0x4 d:/86xprograms/cube/stm32cubeide_1.12.0/stm32cubeide/plugins/com.st.stm32cube.ide.mcu.externaltools.gnu-tools-for-stm32.10.3-2021.10.win32_1.0.200.202301161003/tools/bin/../lib/gcc/arm-none-eabi/10.3.1/thumb/v7e-m+fp/hard/crti.o
                0x00000000080083e4                _fini
 .fini          0x00000000080083e8        0x8 d:/86xprograms/cube/stm32cubeide_1.12.0/stm32cubeide/plugins/com.st.stm32cube.ide.mcu.externaltools.gnu-tools-for-stm32.10.3-2021.10.win32_1.0.200.202301161003/tools/bin/../lib/gcc/arm-none-eabi/10.3.1/thumb/v7e-m+fp/hard/crtn.o
                0x00000000080083f0                . = ALIGN (0x4)
                0x00000000080083f0                _etext = .

.vfp11_veneer   0x00000000080083f0        0x0
 .vfp11_veneer  0x00000000080083f0        0x0 linker stubs

.v4_bx          0x00000000080083f0        0x0
 .v4_bx         0x00000000080083f0        0x0 linker stubs

.iplt           0x00000000080083f0        0x0
 .iplt          0x00000000080083f0        0x0 d:/86xprograms/cube/stm32cubeide_1.12.0/stm32cubeide/plugins/com.st.stm32cube.ide.mcu.externaltools.gnu-tools-for-stm32.10.3-2021.10.win32_1.0.200.202301161003/tools/bin/../lib/gcc/arm-none-eabi/10.3.1/thumb/v7e-m+fp/hard/crtbegin.o

.rodata         0x00000000080083f0       0xb4
                0x00000000080083f0                . = ALIGN (0x4)
 *(.rodata)
 .rodata        0x00000000080083f0        0x5 ./App/app.o
 *fill*         0x00000000080083f5        0x3 
 .rodata        0x00000000080083f8       0x26 ./Hw/I2C_PCF8574_LCD/i2c-lcd.o
 *fill*         0x000000000800841e        0x2 
 .rodata        0x0000000008008420       0x37 ./Hw/vl53l1/vl53l1_api.o
 *(.rodata*)
 *fill*         0x0000000008008457        0x1 
 .rodata.AHBPrescTable
                0x0000000008008458       0x10 ./Core/Src/system_stm32f4xx.o
                0x0000000008008458                AHBPrescTable
 .rodata.APBPrescTable
                0x0000000008008468        0x8 ./Core/Src/system_stm32f4xx.o
                0x0000000008008468                APBPrescTable
 .rodata._svfprintf_r.str1.1
                0x0000000008008470       0x11 d:/86xprograms/cube/stm32cubeide_1.12.0/stm32cubeide/plugins/com.st.stm32cube.ide.mcu.externaltools.gnu-tools-for-stm32.10.3-2021.10.win32_1.0.200.202301161003/tools/bin/../lib/gcc/arm-none-eabi/10.3.1/../../../../arm-none-eabi/lib/thumb/v7e-m+fp/hard\libc_nano.a(lib_a-nano-svfprintf.o)
 .rodata._printf_i.str1.1
                0x0000000008008481       0x22 d:/86xprograms/cube/stm32cubeide_1.12.0/stm32cubeide/plugins/com.st.stm32cube.ide.mcu.externaltools.gnu-tools-for-stm32.10.3-2021.10.win32_1.0.200.202301161003/tools/bin/../lib/gcc/arm-none-eabi/10.3.1/../../../../arm-none-eabi/lib/thumb/v7e-m+fp/hard\libc_nano.a(lib_a-nano-vfprintf_i.o)
                0x00000000080084a4                . = ALIGN (0x4)
 *fill*         0x00000000080084a3        0x1 

.ARM.extab      0x00000000080084a4        0x0
                0x00000000080084a4                . = ALIGN (0x4)
 *(.ARM.extab* .gnu.linkonce.armextab.*)
                0x00000000080084a4                . = ALIGN (0x4)

.ARM            0x00000000080084a4        0x8
                0x00000000080084a4                . = ALIGN (0x4)
                0x00000000080084a4                __exidx_start = .
 *(.ARM.exidx*)
 .ARM.exidx     0x00000000080084a4        0x8 d:/86xprograms/cube/stm32cubeide_1.12.0/stm32cubeide/plugins/com.st.stm32cube.ide.mcu.externaltools.gnu-tools-for-stm32.10.3-2021.10.win32_1.0.200.202301161003/tools/bin/../lib/gcc/arm-none-eabi/10.3.1/thumb/v7e-m+fp/hard\libgcc.a(_udivmoddi4.o)
                0x00000000080084ac                __exidx_end = .
                0x00000000080084ac                . = ALIGN (0x4)

.rel.dyn        0x00000000080084ac        0x0
 .rel.iplt      0x00000000080084ac        0x0 d:/86xprograms/cube/stm32cubeide_1.12.0/stm32cubeide/plugins/com.st.stm32cube.ide.mcu.externaltools.gnu-tools-for-stm32.10.3-2021.10.win32_1.0.200.202301161003/tools/bin/../lib/gcc/arm-none-eabi/10.3.1/thumb/v7e-m+fp/hard/crtbegin.o

.preinit_array  0x00000000080084ac        0x0
                0x00000000080084ac                . = ALIGN (0x4)
                0x00000000080084ac                PROVIDE (__preinit_array_start = .)
 *(.preinit_array*)
                0x00000000080084ac                PROVIDE (__preinit_array_end = .)
                0x00000000080084ac                . = ALIGN (0x4)

.init_array     0x00000000080084ac        0x4
                0x00000000080084ac                . = ALIGN (0x4)
                0x00000000080084ac                PROVIDE (__init_array_start = .)
 *(SORT_BY_NAME(.init_array.*))
 *(.init_array*)
 .init_array    0x00000000080084ac        0x4 d:/86xprograms/cube/stm32cubeide_1.12.0/stm32cubeide/plugins/com.st.stm32cube.ide.mcu.externaltools.gnu-tools-for-stm32.10.3-2021.10.win32_1.0.200.202301161003/tools/bin/../lib/gcc/arm-none-eabi/10.3.1/thumb/v7e-m+fp/hard/crtbegin.o
                0x00000000080084b0                PROVIDE (__init_array_end = .)
                0x00000000080084b0                . = ALIGN (0x4)

.fini_array     0x00000000080084b0        0x4
                0x00000000080084b0                . = ALIGN (0x4)
                [!provide]                        PROVIDE (__fini_array_start = .)
 *(SORT_BY_NAME(.fini_array.*))
 *(.fini_array*)
 .fini_array    0x00000000080084b0        0x4 d:/86xprograms/cube/stm32cubeide_1.12.0/stm32cubeide/plugins/com.st.stm32cube.ide.mcu.externaltools.gnu-tools-for-stm32.10.3-2021.10.win32_1.0.200.202301161003/tools/bin/../lib/gcc/arm-none-eabi/10.3.1/thumb/v7e-m+fp/hard/crtbegin.o
                [!provide]                        PROVIDE (__fini_array_end = .)
                0x00000000080084b4                . = ALIGN (0x4)
                0x00000000080084b4                _sidata = LOADADDR (.data)

.data           0x0000000020000000       0x7c load address 0x00000000080084b4
                0x0000000020000000                . = ALIGN (0x4)
                0x0000000020000000                _sdata = .
 *(.data)
 *(.data*)
 .data.deltat   0x0000000020000000        0x4 ./App/app.o
                0x0000000020000000                deltat
 .data.SystemCoreClock
                0x0000000020000004        0x4 ./Core/Src/system_stm32f4xx.o
                0x0000000020000004                SystemCoreClock
 .data.uwTickPrio
                0x0000000020000008        0x4 ./Drivers/STM32F4xx_HAL_Driver/Src/stm32f4xx_hal.o
                0x0000000020000008                uwTickPrio
 .data.uwTickFreq
                0x000000002000000c        0x1 ./Drivers/STM32F4xx_HAL_Driver/Src/stm32f4xx_hal.o
                0x000000002000000c                uwTickFreq
 *fill*         0x000000002000000d        0x3 
 .data.DevL     0x0000000020000010        0x4 ./Hw/vl53l1/vl53l1_sensor.o
                0x0000000020000010                DevL
 .data.DevR     0x0000000020000014        0x4 ./Hw/vl53l1/vl53l1_sensor.o
                0x0000000020000014                DevR
 .data._impure_ptr
                0x0000000020000018        0x4 d:/86xprograms/cube/stm32cubeide_1.12.0/stm32cubeide/plugins/com.st.stm32cube.ide.mcu.externaltools.gnu-tools-for-stm32.10.3-2021.10.win32_1.0.200.202301161003/tools/bin/../lib/gcc/arm-none-eabi/10.3.1/../../../../arm-none-eabi/lib/thumb/v7e-m+fp/hard\libc_nano.a(lib_a-impure.o)
                0x0000000020000018                _impure_ptr
 .data.impure_data
                0x000000002000001c       0x60 d:/86xprograms/cube/stm32cubeide_1.12.0/stm32cubeide/plugins/com.st.stm32cube.ide.mcu.externaltools.gnu-tools-for-stm32.10.3-2021.10.win32_1.0.200.202301161003/tools/bin/../lib/gcc/arm-none-eabi/10.3.1/../../../../arm-none-eabi/lib/thumb/v7e-m+fp/hard\libc_nano.a(lib_a-impure.o)
 *(.RamFunc)
 *(.RamFunc*)
                0x000000002000007c                . = ALIGN (0x4)
                0x000000002000007c                _edata = .

.igot.plt       0x000000002000007c        0x0 load address 0x0000000008008530
 .igot.plt      0x000000002000007c        0x0 d:/86xprograms/cube/stm32cubeide_1.12.0/stm32cubeide/plugins/com.st.stm32cube.ide.mcu.externaltools.gnu-tools-for-stm32.10.3-2021.10.win32_1.0.200.202301161003/tools/bin/../lib/gcc/arm-none-eabi/10.3.1/thumb/v7e-m+fp/hard/crtbegin.o
                0x000000002000007c                . = ALIGN (0x4)

.bss            0x000000002000007c      0x93c load address 0x0000000008008530
                0x000000002000007c                _sbss = .
                0x000000002000007c                __bss_start__ = _sbss
 *(.bss)
 .bss           0x000000002000007c       0x1c d:/86xprograms/cube/stm32cubeide_1.12.0/stm32cubeide/plugins/com.st.stm32cube.ide.mcu.externaltools.gnu-tools-for-stm32.10.3-2021.10.win32_1.0.200.202301161003/tools/bin/../lib/gcc/arm-none-eabi/10.3.1/thumb/v7e-m+fp/hard/crtbegin.o
 *(.bss*)
 .bss.t1        0x0000000020000098       0x28 ./App/app.o
                0x0000000020000098                t1
 .bss.t2        0x00000000200000c0       0x28 ./App/app.o
                0x00000000200000c0                t2
 .bss.i         0x00000000200000e8        0x4 ./App/app.o
                0x00000000200000e8                i
 .bss.j         0x00000000200000ec        0x4 ./App/app.o
                0x00000000200000ec                j
 .bss.count     0x00000000200000f0        0x4 ./App/app.o
                0x00000000200000f0                count
 .bss.typeMeasurement
                0x00000000200000f4        0x4 ./App/app.o
                0x00000000200000f4                typeMeasurement
 .bss.sensorDistanceCm
                0x00000000200000f8        0x4 ./App/app.o
                0x00000000200000f8                sensorDistanceCm
 .bss.start     0x00000000200000fc        0x4 ./App/app.o
                0x00000000200000fc                start
 .bss.MeasurementUnity
                0x0000000020000100       0x14 ./App/app.o
                0x0000000020000100                MeasurementUnity
 .bss.hadc1     0x0000000020000114       0x48 ./Core/Src/main.o
                0x0000000020000114                hadc1
 .bss.hi2c1     0x000000002000015c       0x54 ./Core/Src/main.o
                0x000000002000015c                hi2c1
 .bss.hi2c2     0x00000000200001b0       0x54 ./Core/Src/main.o
                0x00000000200001b0                hi2c2
 .bss.hi2c3     0x0000000020000204       0x54 ./Core/Src/main.o
                0x0000000020000204                hi2c3
 .bss.__sbrk_heap_end
                0x0000000020000258        0x4 ./Core/Src/sysmem.o
 .bss.uwTick    0x000000002000025c        0x4 ./Drivers/STM32F4xx_HAL_Driver/Src/stm32f4xx_hal.o
                0x000000002000025c                uwTick
 .bss.devLeft   0x0000000020000260      0x3a4 ./Hw/vl53l1/vl53l1_sensor.o
                0x0000000020000260                devLeft
 .bss.devRight  0x0000000020000604      0x3a4 ./Hw/vl53l1/vl53l1_sensor.o
                0x0000000020000604                devRight
 .bss.__malloc_free_list
                0x00000000200009a8        0x4 d:/86xprograms/cube/stm32cubeide_1.12.0/stm32cubeide/plugins/com.st.stm32cube.ide.mcu.externaltools.gnu-tools-for-stm32.10.3-2021.10.win32_1.0.200.202301161003/tools/bin/../lib/gcc/arm-none-eabi/10.3.1/../../../../arm-none-eabi/lib/thumb/v7e-m+fp/hard\libc_nano.a(lib_a-nano-mallocr.o)
                0x00000000200009a8                __malloc_free_list
 .bss.__malloc_sbrk_start
                0x00000000200009ac        0x4 d:/86xprograms/cube/stm32cubeide_1.12.0/stm32cubeide/plugins/com.st.stm32cube.ide.mcu.externaltools.gnu-tools-for-stm32.10.3-2021.10.win32_1.0.200.202301161003/tools/bin/../lib/gcc/arm-none-eabi/10.3.1/../../../../arm-none-eabi/lib/thumb/v7e-m+fp/hard\libc_nano.a(lib_a-nano-mallocr.o)
                0x00000000200009ac                __malloc_sbrk_start
 .bss.errno     0x00000000200009b0        0x4 d:/86xprograms/cube/stm32cubeide_1.12.0/stm32cubeide/plugins/com.st.stm32cube.ide.mcu.externaltools.gnu-tools-for-stm32.10.3-2021.10.win32_1.0.200.202301161003/tools/bin/../lib/gcc/arm-none-eabi/10.3.1/../../../../arm-none-eabi/lib/thumb/v7e-m+fp/hard\libc_nano.a(lib_a-reent.o)
                0x00000000200009b0                errno
 .bss.__lock___malloc_recursive_mutex
                0x00000000200009b4        0x1 d:/86xprograms/cube/stm32cubeide_1.12.0/stm32cubeide/plugins/com.st.stm32cube.ide.mcu.externaltools.gnu-tools-for-stm32.10.3-2021.10.win32_1.0.200.202301161003/tools/bin/../lib/gcc/arm-none-eabi/10.3.1/../../../../arm-none-eabi/lib/thumb/v7e-m+fp/hard\libc_nano.a(lib_a-lock.o)
                0x00000000200009b4                __lock___malloc_recursive_mutex
 *(COMMON)
                0x00000000200009b8                . = ALIGN (0x4)
 *fill*         0x00000000200009b5        0x3 
                0x00000000200009b8                _ebss = .
                0x00000000200009b8                __bss_end__ = _ebss

._user_heap_stack
                0x00000000200009b8      0x600 load address 0x0000000008008530
                0x00000000200009b8                . = ALIGN (0x8)
                [!provide]                        PROVIDE (end = .)
                0x00000000200009b8                PROVIDE (_end = .)
                0x0000000020000bb8                . = (. + _Min_Heap_Size)
 *fill*         0x00000000200009b8      0x200 
                0x0000000020000fb8                . = (. + _Min_Stack_Size)
 *fill*         0x0000000020000bb8      0x400 
                0x0000000020000fb8                . = ALIGN (0x8)

/DISCARD/
 libc.a(*)
 libm.a(*)
 libgcc.a(*)

.ARM.attributes
                0x0000000000000000       0x30
 *(.ARM.attributes)
 .ARM.attributes
                0x0000000000000000       0x1e d:/86xprograms/cube/stm32cubeide_1.12.0/stm32cubeide/plugins/com.st.stm32cube.ide.mcu.externaltools.gnu-tools-for-stm32.10.3-2021.10.win32_1.0.200.202301161003/tools/bin/../lib/gcc/arm-none-eabi/10.3.1/thumb/v7e-m+fp/hard/crti.o
 .ARM.attributes
                0x000000000000001e       0x34 d:/86xprograms/cube/stm32cubeide_1.12.0/stm32cubeide/plugins/com.st.stm32cube.ide.mcu.externaltools.gnu-tools-for-stm32.10.3-2021.10.win32_1.0.200.202301161003/tools/bin/../lib/gcc/arm-none-eabi/10.3.1/thumb/v7e-m+fp/hard/crtbegin.o
 .ARM.attributes
                0x0000000000000052       0x34 ./App/app.o
 .ARM.attributes
                0x0000000000000086       0x34 ./Core/Src/main.o
 .ARM.attributes
                0x00000000000000ba       0x34 ./Core/Src/stm32f4xx_hal_msp.o
 .ARM.attributes
                0x00000000000000ee       0x34 ./Core/Src/stm32f4xx_it.o
 .ARM.attributes
                0x0000000000000122       0x34 ./Core/Src/sysmem.o
 .ARM.attributes
                0x0000000000000156       0x34 ./Core/Src/system_stm32f4xx.o
 .ARM.attributes
                0x000000000000018a       0x21 ./Core/Startup/startup_stm32f411ceux.o
 .ARM.attributes
                0x00000000000001ab       0x34 ./Drivers/STM32F4xx_HAL_Driver/Src/stm32f4xx_hal.o
 .ARM.attributes
                0x00000000000001df       0x34 ./Drivers/STM32F4xx_HAL_Driver/Src/stm32f4xx_hal_adc.o
 .ARM.attributes
                0x0000000000000213       0x34 ./Drivers/STM32F4xx_HAL_Driver/Src/stm32f4xx_hal_cortex.o
 .ARM.attributes
                0x0000000000000247       0x34 ./Drivers/STM32F4xx_HAL_Driver/Src/stm32f4xx_hal_gpio.o
 .ARM.attributes
                0x000000000000027b       0x34 ./Drivers/STM32F4xx_HAL_Driver/Src/stm32f4xx_hal_i2c.o
 .ARM.attributes
                0x00000000000002af       0x34 ./Drivers/STM32F4xx_HAL_Driver/Src/stm32f4xx_hal_rcc.o
 .ARM.attributes
                0x00000000000002e3       0x34 ./Hw/I2C_PCF8574_LCD/i2c-lcd.o
 .ARM.attributes
                0x0000000000000317       0x34 ./Hw/Potentiometer/potentiometer.o
 .ARM.attributes
                0x000000000000034b       0x34 ./Hw/vl53l1/vl53l1_api.o
 .ARM.attributes
                0x000000000000037f       0x34 ./Hw/vl53l1/vl53l1_api_core.o
 .ARM.attributes
                0x00000000000003b3       0x34 ./Hw/vl53l1/vl53l1_api_preset_modes.o
 .ARM.attributes
                0x00000000000003e7       0x34 ./Hw/vl53l1/vl53l1_core.o
 .ARM.attributes
                0x000000000000041b       0x34 ./Hw/vl53l1/vl53l1_core_support.o
 .ARM.attributes
                0x000000000000044f       0x34 ./Hw/vl53l1/vl53l1_platform.o
 .ARM.attributes
                0x0000000000000483       0x34 ./Hw/vl53l1/vl53l1_register_funcs.o
 .ARM.attributes
                0x00000000000004b7       0x34 ./Hw/vl53l1/vl53l1_sensor.o
 .ARM.attributes
                0x00000000000004eb       0x34 ./Hw/vl53l1/vl53l1_wait.o
 .ARM.attributes
                0x000000000000051f       0x34 d:/86xprograms/cube/stm32cubeide_1.12.0/stm32cubeide/plugins/com.st.stm32cube.ide.mcu.externaltools.gnu-tools-for-stm32.10.3-2021.10.win32_1.0.200.202301161003/tools/bin/../lib/gcc/arm-none-eabi/10.3.1/../../../../arm-none-eabi/lib/thumb/v7e-m+fp/hard\libc_nano.a(lib_a-errno.o)
 .ARM.attributes
                0x0000000000000553       0x34 d:/86xprograms/cube/stm32cubeide_1.12.0/stm32cubeide/plugins/com.st.stm32cube.ide.mcu.externaltools.gnu-tools-for-stm32.10.3-2021.10.win32_1.0.200.202301161003/tools/bin/../lib/gcc/arm-none-eabi/10.3.1/../../../../arm-none-eabi/lib/thumb/v7e-m+fp/hard\libc_nano.a(lib_a-impure.o)
 .ARM.attributes
                0x0000000000000587       0x34 d:/86xprograms/cube/stm32cubeide_1.12.0/stm32cubeide/plugins/com.st.stm32cube.ide.mcu.externaltools.gnu-tools-for-stm32.10.3-2021.10.win32_1.0.200.202301161003/tools/bin/../lib/gcc/arm-none-eabi/10.3.1/../../../../arm-none-eabi/lib/thumb/v7e-m+fp/hard\libc_nano.a(lib_a-init.o)
 .ARM.attributes
                0x00000000000005bb       0x34 d:/86xprograms/cube/stm32cubeide_1.12.0/stm32cubeide/plugins/com.st.stm32cube.ide.mcu.externaltools.gnu-tools-for-stm32.10.3-2021.10.win32_1.0.200.202301161003/tools/bin/../lib/gcc/arm-none-eabi/10.3.1/../../../../arm-none-eabi/lib/thumb/v7e-m+fp/hard\libc_nano.a(lib_a-memcpy-stub.o)
 .ARM.attributes
                0x00000000000005ef       0x34 d:/86xprograms/cube/stm32cubeide_1.12.0/stm32cubeide/plugins/com.st.stm32cube.ide.mcu.externaltools.gnu-tools-for-stm32.10.3-2021.10.win32_1.0.200.202301161003/tools/bin/../lib/gcc/arm-none-eabi/10.3.1/../../../../arm-none-eabi/lib/thumb/v7e-m+fp/hard\libc_nano.a(lib_a-memset.o)
 .ARM.attributes
                0x0000000000000623       0x34 d:/86xprograms/cube/stm32cubeide_1.12.0/stm32cubeide/plugins/com.st.stm32cube.ide.mcu.externaltools.gnu-tools-for-stm32.10.3-2021.10.win32_1.0.200.202301161003/tools/bin/../lib/gcc/arm-none-eabi/10.3.1/../../../../arm-none-eabi/lib/thumb/v7e-m+fp/hard\libc_nano.a(lib_a-sprintf.o)
 .ARM.attributes
                0x0000000000000657       0x34 d:/86xprograms/cube/stm32cubeide_1.12.0/stm32cubeide/plugins/com.st.stm32cube.ide.mcu.externaltools.gnu-tools-for-stm32.10.3-2021.10.win32_1.0.200.202301161003/tools/bin/../lib/gcc/arm-none-eabi/10.3.1/../../../../arm-none-eabi/lib/thumb/v7e-m+fp/hard\libc_nano.a(lib_a-nano-svfprintf.o)
 .ARM.attributes
                0x000000000000068b       0x34 d:/86xprograms/cube/stm32cubeide_1.12.0/stm32cubeide/plugins/com.st.stm32cube.ide.mcu.externaltools.gnu-tools-for-stm32.10.3-2021.10.win32_1.0.200.202301161003/tools/bin/../lib/gcc/arm-none-eabi/10.3.1/../../../../arm-none-eabi/lib/thumb/v7e-m+fp/hard\libc_nano.a(lib_a-nano-vfprintf_i.o)
 .ARM.attributes
                0x00000000000006bf       0x1c d:/86xprograms/cube/stm32cubeide_1.12.0/stm32cubeide/plugins/com.st.stm32cube.ide.mcu.externaltools.gnu-tools-for-stm32.10.3-2021.10.win32_1.0.200.202301161003/tools/bin/../lib/gcc/arm-none-eabi/10.3.1/../../../../arm-none-eabi/lib/thumb/v7e-m+fp/hard\libc_nano.a(lib_a-memchr.o)
 .ARM.attributes
                0x00000000000006db       0x34 d:/86xprograms/cube/stm32cubeide_1.12.0/stm32cubeide/plugins/com.st.stm32cube.ide.mcu.externaltools.gnu-tools-for-stm32.10.3-2021.10.win32_1.0.200.202301161003/tools/bin/../lib/gcc/arm-none-eabi/10.3.1/../../../../arm-none-eabi/lib/thumb/v7e-m+fp/hard\libc_nano.a(lib_a-memmove.o)
 .ARM.attributes
                0x000000000000070f       0x34 d:/86xprograms/cube/stm32cubeide_1.12.0/stm32cubeide/plugins/com.st.stm32cube.ide.mcu.externaltools.gnu-tools-for-stm32.10.3-2021.10.win32_1.0.200.202301161003/tools/bin/../lib/gcc/arm-none-eabi/10.3.1/../../../../arm-none-eabi/lib/thumb/v7e-m+fp/hard\libc_nano.a(lib_a-nano-freer.o)
 .ARM.attributes
                0x0000000000000743       0x34 d:/86xprograms/cube/stm32cubeide_1.12.0/stm32cubeide/plugins/com.st.stm32cube.ide.mcu.externaltools.gnu-tools-for-stm32.10.3-2021.10.win32_1.0.200.202301161003/tools/bin/../lib/gcc/arm-none-eabi/10.3.1/../../../../arm-none-eabi/lib/thumb/v7e-m+fp/hard\libc_nano.a(lib_a-nano-mallocr.o)
 .ARM.attributes
                0x0000000000000777       0x34 d:/86xprograms/cube/stm32cubeide_1.12.0/stm32cubeide/plugins/com.st.stm32cube.ide.mcu.externaltools.gnu-tools-for-stm32.10.3-2021.10.win32_1.0.200.202301161003/tools/bin/../lib/gcc/arm-none-eabi/10.3.1/../../../../arm-none-eabi/lib/thumb/v7e-m+fp/hard\libc_nano.a(lib_a-nano-reallocr.o)
 .ARM.attributes
                0x00000000000007ab       0x34 d:/86xprograms/cube/stm32cubeide_1.12.0/stm32cubeide/plugins/com.st.stm32cube.ide.mcu.externaltools.gnu-tools-for-stm32.10.3-2021.10.win32_1.0.200.202301161003/tools/bin/../lib/gcc/arm-none-eabi/10.3.1/../../../../arm-none-eabi/lib/thumb/v7e-m+fp/hard\libc_nano.a(lib_a-sbrkr.o)
 .ARM.attributes
                0x00000000000007df       0x34 d:/86xprograms/cube/stm32cubeide_1.12.0/stm32cubeide/plugins/com.st.stm32cube.ide.mcu.externaltools.gnu-tools-for-stm32.10.3-2021.10.win32_1.0.200.202301161003/tools/bin/../lib/gcc/arm-none-eabi/10.3.1/../../../../arm-none-eabi/lib/thumb/v7e-m+fp/hard\libc_nano.a(lib_a-mlock.o)
 .ARM.attributes
                0x0000000000000813       0x34 d:/86xprograms/cube/stm32cubeide_1.12.0/stm32cubeide/plugins/com.st.stm32cube.ide.mcu.externaltools.gnu-tools-for-stm32.10.3-2021.10.win32_1.0.200.202301161003/tools/bin/../lib/gcc/arm-none-eabi/10.3.1/../../../../arm-none-eabi/lib/thumb/v7e-m+fp/hard\libc_nano.a(lib_a-nano-msizer.o)
 .ARM.attributes
                0x0000000000000847       0x34 d:/86xprograms/cube/stm32cubeide_1.12.0/stm32cubeide/plugins/com.st.stm32cube.ide.mcu.externaltools.gnu-tools-for-stm32.10.3-2021.10.win32_1.0.200.202301161003/tools/bin/../lib/gcc/arm-none-eabi/10.3.1/../../../../arm-none-eabi/lib/thumb/v7e-m+fp/hard\libc_nano.a(lib_a-reent.o)
 .ARM.attributes
                0x000000000000087b       0x34 d:/86xprograms/cube/stm32cubeide_1.12.0/stm32cubeide/plugins/com.st.stm32cube.ide.mcu.externaltools.gnu-tools-for-stm32.10.3-2021.10.win32_1.0.200.202301161003/tools/bin/../lib/gcc/arm-none-eabi/10.3.1/../../../../arm-none-eabi/lib/thumb/v7e-m+fp/hard\libc_nano.a(lib_a-lock.o)
 .ARM.attributes
                0x00000000000008af       0x1e d:/86xprograms/cube/stm32cubeide_1.12.0/stm32cubeide/plugins/com.st.stm32cube.ide.mcu.externaltools.gnu-tools-for-stm32.10.3-2021.10.win32_1.0.200.202301161003/tools/bin/../lib/gcc/arm-none-eabi/10.3.1/thumb/v7e-m+fp/hard\libgcc.a(_arm_muldf3.o)
 .ARM.attributes
                0x00000000000008cd       0x1e d:/86xprograms/cube/stm32cubeide_1.12.0/stm32cubeide/plugins/com.st.stm32cube.ide.mcu.externaltools.gnu-tools-for-stm32.10.3-2021.10.win32_1.0.200.202301161003/tools/bin/../lib/gcc/arm-none-eabi/10.3.1/thumb/v7e-m+fp/hard\libgcc.a(_arm_addsubdf3.o)
 .ARM.attributes
                0x00000000000008eb       0x1e d:/86xprograms/cube/stm32cubeide_1.12.0/stm32cubeide/plugins/com.st.stm32cube.ide.mcu.externaltools.gnu-tools-for-stm32.10.3-2021.10.win32_1.0.200.202301161003/tools/bin/../lib/gcc/arm-none-eabi/10.3.1/thumb/v7e-m+fp/hard\libgcc.a(_arm_fixunsdfsi.o)
 .ARM.attributes
                0x0000000000000909       0x1e d:/86xprograms/cube/stm32cubeide_1.12.0/stm32cubeide/plugins/com.st.stm32cube.ide.mcu.externaltools.gnu-tools-for-stm32.10.3-2021.10.win32_1.0.200.202301161003/tools/bin/../lib/gcc/arm-none-eabi/10.3.1/thumb/v7e-m+fp/hard\libgcc.a(_aeabi_uldivmod.o)
 .ARM.attributes
                0x0000000000000927       0x34 d:/86xprograms/cube/stm32cubeide_1.12.0/stm32cubeide/plugins/com.st.stm32cube.ide.mcu.externaltools.gnu-tools-for-stm32.10.3-2021.10.win32_1.0.200.202301161003/tools/bin/../lib/gcc/arm-none-eabi/10.3.1/thumb/v7e-m+fp/hard\libgcc.a(_udivmoddi4.o)
 .ARM.attributes
                0x000000000000095b       0x1e d:/86xprograms/cube/stm32cubeide_1.12.0/stm32cubeide/plugins/com.st.stm32cube.ide.mcu.externaltools.gnu-tools-for-stm32.10.3-2021.10.win32_1.0.200.202301161003/tools/bin/../lib/gcc/arm-none-eabi/10.3.1/thumb/v7e-m+fp/hard\libgcc.a(_dvmd_tls.o)
 .ARM.attributes
                0x0000000000000979       0x1e d:/86xprograms/cube/stm32cubeide_1.12.0/stm32cubeide/plugins/com.st.stm32cube.ide.mcu.externaltools.gnu-tools-for-stm32.10.3-2021.10.win32_1.0.200.202301161003/tools/bin/../lib/gcc/arm-none-eabi/10.3.1/thumb/v7e-m+fp/hard/crtn.o
OUTPUT(SRR.elf elf32-littlearm)
LOAD linker stubs
LOAD d:/86xprograms/cube/stm32cubeide_1.12.0/stm32cubeide/plugins/com.st.stm32cube.ide.mcu.externaltools.gnu-tools-for-stm32.10.3-2021.10.win32_1.0.200.202301161003/tools/bin/../lib/gcc/arm-none-eabi/10.3.1/../../../../arm-none-eabi/lib/thumb/v7e-m+fp/hard\libc.a
LOAD d:/86xprograms/cube/stm32cubeide_1.12.0/stm32cubeide/plugins/com.st.stm32cube.ide.mcu.externaltools.gnu-tools-for-stm32.10.3-2021.10.win32_1.0.200.202301161003/tools/bin/../lib/gcc/arm-none-eabi/10.3.1/../../../../arm-none-eabi/lib/thumb/v7e-m+fp/hard\libm.a
LOAD d:/86xprograms/cube/stm32cubeide_1.12.0/stm32cubeide/plugins/com.st.stm32cube.ide.mcu.externaltools.gnu-tools-for-stm32.10.3-2021.10.win32_1.0.200.202301161003/tools/bin/../lib/gcc/arm-none-eabi/10.3.1/thumb/v7e-m+fp/hard\libgcc.a

.debug_info     0x0000000000000000    0x1facc
 .debug_info    0x0000000000000000      0x7ae ./App/app.o
 .debug_info    0x00000000000007ae     0x11fc ./Core/Src/main.o
 .debug_info    0x00000000000019aa      0xd9b ./Core/Src/stm32f4xx_hal_msp.o
 .debug_info    0x0000000000002745      0x181 ./Core/Src/stm32f4xx_it.o
 .debug_info    0x00000000000028c6      0x171 ./Core/Src/sysmem.o
 .debug_info    0x0000000000002a37      0x54f ./Core/Src/system_stm32f4xx.o
 .debug_info    0x0000000000002f86       0x22 ./Core/Startup/startup_stm32f411ceux.o
 .debug_info    0x0000000000002fa8      0x90d ./Drivers/STM32F4xx_HAL_Driver/Src/stm32f4xx_hal.o
 .debug_info    0x00000000000038b5      0xd68 ./Drivers/STM32F4xx_HAL_Driver/Src/stm32f4xx_hal_adc.o
 .debug_info    0x000000000000461d      0xd8b ./Drivers/STM32F4xx_HAL_Driver/Src/stm32f4xx_hal_cortex.o
 .debug_info    0x00000000000053a8      0x78e ./Drivers/STM32F4xx_HAL_Driver/Src/stm32f4xx_hal_gpio.o
 .debug_info    0x0000000000005b36     0x260f ./Drivers/STM32F4xx_HAL_Driver/Src/stm32f4xx_hal_i2c.o
 .debug_info    0x0000000000008145      0x98d ./Drivers/STM32F4xx_HAL_Driver/Src/stm32f4xx_hal_rcc.o
 .debug_info    0x0000000000008ad2      0x8a2 ./Hw/I2C_PCF8574_LCD/i2c-lcd.o
 .debug_info    0x0000000000009374      0x61e ./Hw/Potentiometer/potentiometer.o
 .debug_info    0x0000000000009992     0x479d ./Hw/vl53l1/vl53l1_api.o
 .debug_info    0x000000000000e12f     0x3edc ./Hw/vl53l1/vl53l1_api_core.o
 .debug_info    0x000000000001200b     0x14dc ./Hw/vl53l1/vl53l1_api_preset_modes.o
 .debug_info    0x00000000000134e7     0x35a4 ./Hw/vl53l1/vl53l1_core.o
 .debug_info    0x0000000000016a8b      0x185 ./Hw/vl53l1/vl53l1_core_support.o
 .debug_info    0x0000000000016c10     0x22a3 ./Hw/vl53l1/vl53l1_platform.o
 .debug_info    0x0000000000018eb3     0x2872 ./Hw/vl53l1/vl53l1_register_funcs.o
 .debug_info    0x000000000001b725     0x20de ./Hw/vl53l1/vl53l1_sensor.o
 .debug_info    0x000000000001d803     0x22c9 ./Hw/vl53l1/vl53l1_wait.o

.debug_abbrev   0x0000000000000000     0x2aff
 .debug_abbrev  0x0000000000000000      0x1d9 ./App/app.o
 .debug_abbrev  0x00000000000001d9      0x2a8 ./Core/Src/main.o
 .debug_abbrev  0x0000000000000481      0x194 ./Core/Src/stm32f4xx_hal_msp.o
 .debug_abbrev  0x0000000000000615       0x9f ./Core/Src/stm32f4xx_it.o
 .debug_abbrev  0x00000000000006b4       0xbb ./Core/Src/sysmem.o
 .debug_abbrev  0x000000000000076f      0x116 ./Core/Src/system_stm32f4xx.o
 .debug_abbrev  0x0000000000000885       0x12 ./Core/Startup/startup_stm32f411ceux.o
 .debug_abbrev  0x0000000000000897      0x23e ./Drivers/STM32F4xx_HAL_Driver/Src/stm32f4xx_hal.o
 .debug_abbrev  0x0000000000000ad5      0x204 ./Drivers/STM32F4xx_HAL_Driver/Src/stm32f4xx_hal_adc.o
 .debug_abbrev  0x0000000000000cd9      0x316 ./Drivers/STM32F4xx_HAL_Driver/Src/stm32f4xx_hal_cortex.o
 .debug_abbrev  0x0000000000000fef      0x1c4 ./Drivers/STM32F4xx_HAL_Driver/Src/stm32f4xx_hal_gpio.o
 .debug_abbrev  0x00000000000011b3      0x2a8 ./Drivers/STM32F4xx_HAL_Driver/Src/stm32f4xx_hal_i2c.o
 .debug_abbrev  0x000000000000145b      0x2aa ./Drivers/STM32F4xx_HAL_Driver/Src/stm32f4xx_hal_rcc.o
 .debug_abbrev  0x0000000000001705      0x212 ./Hw/I2C_PCF8574_LCD/i2c-lcd.o
 .debug_abbrev  0x0000000000001917      0x116 ./Hw/Potentiometer/potentiometer.o
 .debug_abbrev  0x0000000000001a2d      0x2b3 ./Hw/vl53l1/vl53l1_api.o
 .debug_abbrev  0x0000000000001ce0      0x24d ./Hw/vl53l1/vl53l1_api_core.o
 .debug_abbrev  0x0000000000001f2d      0x16e ./Hw/vl53l1/vl53l1_api_preset_modes.o
 .debug_abbrev  0x000000000000209b      0x272 ./Hw/vl53l1/vl53l1_core.o
 .debug_abbrev  0x000000000000230d       0xdf ./Hw/vl53l1/vl53l1_core_support.o
 .debug_abbrev  0x00000000000023ec      0x164 ./Hw/vl53l1/vl53l1_platform.o
 .debug_abbrev  0x0000000000002550      0x21d ./Hw/vl53l1/vl53l1_register_funcs.o
 .debug_abbrev  0x000000000000276d      0x1bb ./Hw/vl53l1/vl53l1_sensor.o
 .debug_abbrev  0x0000000000002928      0x1d7 ./Hw/vl53l1/vl53l1_wait.o

.debug_aranges  0x0000000000000000     0x1148
 .debug_aranges
                0x0000000000000000       0x38 ./App/app.o
 .debug_aranges
                0x0000000000000038       0x58 ./Core/Src/main.o
 .debug_aranges
                0x0000000000000090       0x40 ./Core/Src/stm32f4xx_hal_msp.o
 .debug_aranges
                0x00000000000000d0       0x78 ./Core/Src/stm32f4xx_it.o
 .debug_aranges
                0x0000000000000148       0x20 ./Core/Src/sysmem.o
 .debug_aranges
                0x0000000000000168       0x28 ./Core/Src/system_stm32f4xx.o
 .debug_aranges
                0x0000000000000190       0x28 ./Core/Startup/startup_stm32f411ceux.o
 .debug_aranges
                0x00000000000001b8       0xf0 ./Drivers/STM32F4xx_HAL_Driver/Src/stm32f4xx_hal.o
 .debug_aranges
                0x00000000000002a8       0xe8 ./Drivers/STM32F4xx_HAL_Driver/Src/stm32f4xx_hal_adc.o
 .debug_aranges
                0x0000000000000390      0x118 ./Drivers/STM32F4xx_HAL_Driver/Src/stm32f4xx_hal_cortex.o
 .debug_aranges
                0x00000000000004a8       0x58 ./Drivers/STM32F4xx_HAL_Driver/Src/stm32f4xx_hal_gpio.o
 .debug_aranges
                0x0000000000000500      0x2a0 ./Drivers/STM32F4xx_HAL_Driver/Src/stm32f4xx_hal_i2c.o
 .debug_aranges
                0x00000000000007a0       0x88 ./Drivers/STM32F4xx_HAL_Driver/Src/stm32f4xx_hal_rcc.o
 .debug_aranges
                0x0000000000000828       0x58 ./Hw/I2C_PCF8574_LCD/i2c-lcd.o
 .debug_aranges
                0x0000000000000880       0x20 ./Hw/Potentiometer/potentiometer.o
 .debug_aranges
                0x00000000000008a0      0x238 ./Hw/vl53l1/vl53l1_api.o
 .debug_aranges
                0x0000000000000ad8      0x1c0 ./Hw/vl53l1/vl53l1_api_core.o
 .debug_aranges
                0x0000000000000c98       0xa8 ./Hw/vl53l1/vl53l1_api_preset_modes.o
 .debug_aranges
                0x0000000000000d40      0x1e0 ./Hw/vl53l1/vl53l1_core.o
 .debug_aranges
                0x0000000000000f20       0x30 ./Hw/vl53l1/vl53l1_core_support.o
 .debug_aranges
                0x0000000000000f50       0x88 ./Hw/vl53l1/vl53l1_platform.o
 .debug_aranges
                0x0000000000000fd8       0xe0 ./Hw/vl53l1/vl53l1_register_funcs.o
 .debug_aranges
                0x00000000000010b8       0x28 ./Hw/vl53l1/vl53l1_sensor.o
 .debug_aranges
                0x00000000000010e0       0x68 ./Hw/vl53l1/vl53l1_wait.o

.debug_ranges   0x0000000000000000      0xfe8
 .debug_ranges  0x0000000000000000       0x28 ./App/app.o
 .debug_ranges  0x0000000000000028       0x48 ./Core/Src/main.o
 .debug_ranges  0x0000000000000070       0x30 ./Core/Src/stm32f4xx_hal_msp.o
 .debug_ranges  0x00000000000000a0       0x68 ./Core/Src/stm32f4xx_it.o
 .debug_ranges  0x0000000000000108       0x10 ./Core/Src/sysmem.o
 .debug_ranges  0x0000000000000118       0x18 ./Core/Src/system_stm32f4xx.o
 .debug_ranges  0x0000000000000130       0x20 ./Core/Startup/startup_stm32f411ceux.o
 .debug_ranges  0x0000000000000150       0xe0 ./Drivers/STM32F4xx_HAL_Driver/Src/stm32f4xx_hal.o
 .debug_ranges  0x0000000000000230       0xd8 ./Drivers/STM32F4xx_HAL_Driver/Src/stm32f4xx_hal_adc.o
 .debug_ranges  0x0000000000000308      0x108 ./Drivers/STM32F4xx_HAL_Driver/Src/stm32f4xx_hal_cortex.o
 .debug_ranges  0x0000000000000410       0x48 ./Drivers/STM32F4xx_HAL_Driver/Src/stm32f4xx_hal_gpio.o
 .debug_ranges  0x0000000000000458      0x2a8 ./Drivers/STM32F4xx_HAL_Driver/Src/stm32f4xx_hal_i2c.o
 .debug_ranges  0x0000000000000700       0x78 ./Drivers/STM32F4xx_HAL_Driver/Src/stm32f4xx_hal_rcc.o
 .debug_ranges  0x0000000000000778       0x48 ./Hw/I2C_PCF8574_LCD/i2c-lcd.o
 .debug_ranges  0x00000000000007c0       0x10 ./Hw/Potentiometer/potentiometer.o
 .debug_ranges  0x00000000000007d0      0x228 ./Hw/vl53l1/vl53l1_api.o
 .debug_ranges  0x00000000000009f8      0x1b0 ./Hw/vl53l1/vl53l1_api_core.o
 .debug_ranges  0x0000000000000ba8       0x98 ./Hw/vl53l1/vl53l1_api_preset_modes.o
 .debug_ranges  0x0000000000000c40      0x1d0 ./Hw/vl53l1/vl53l1_core.o
 .debug_ranges  0x0000000000000e10       0x20 ./Hw/vl53l1/vl53l1_core_support.o
 .debug_ranges  0x0000000000000e30       0x78 ./Hw/vl53l1/vl53l1_platform.o
 .debug_ranges  0x0000000000000ea8       0xd0 ./Hw/vl53l1/vl53l1_register_funcs.o
 .debug_ranges  0x0000000000000f78       0x18 ./Hw/vl53l1/vl53l1_sensor.o
 .debug_ranges  0x0000000000000f90       0x58 ./Hw/vl53l1/vl53l1_wait.o

.debug_macro    0x0000000000000000    0x1c662
 .debug_macro   0x0000000000000000      0x3b6 ./App/app.o
 .debug_macro   0x00000000000003b6      0xa78 ./App/app.o
 .debug_macro   0x0000000000000e2e       0x22 ./App/app.o
 .debug_macro   0x0000000000000e50       0x8e ./App/app.o
 .debug_macro   0x0000000000000ede       0x51 ./App/app.o
 .debug_macro   0x0000000000000f2f      0x103 ./App/app.o
 .debug_macro   0x0000000000001032       0x6a ./App/app.o
 .debug_macro   0x000000000000109c      0x1df ./App/app.o
 .debug_macro   0x000000000000127b      0x29b ./App/app.o
 .debug_macro   0x0000000000001516       0x2e ./App/app.o
 .debug_macro   0x0000000000001544       0x28 ./App/app.o
 .debug_macro   0x000000000000156c       0x1c ./App/app.o
 .debug_macro   0x0000000000001588       0x22 ./App/app.o
 .debug_macro   0x00000000000015aa       0xd9 ./App/app.o
 .debug_macro   0x0000000000001683     0x102d ./App/app.o
 .debug_macro   0x00000000000026b0      0x11f ./App/app.o
 .debug_macro   0x00000000000027cf     0xb953 ./App/app.o
 .debug_macro   0x000000000000e122       0x6d ./App/app.o
 .debug_macro   0x000000000000e18f     0x367e ./App/app.o
 .debug_macro   0x000000000001180d      0x174 ./App/app.o
 .debug_macro   0x0000000000011981       0x5c ./App/app.o
 .debug_macro   0x00000000000119dd      0x447 ./App/app.o
 .debug_macro   0x0000000000011e24      0x9fe ./App/app.o
 .debug_macro   0x0000000000012822      0x115 ./App/app.o
 .debug_macro   0x0000000000012937      0x11b ./App/app.o
 .debug_macro   0x0000000000012a52       0xa5 ./App/app.o
 .debug_macro   0x0000000000012af7      0x15f ./App/app.o
 .debug_macro   0x0000000000012c56      0x287 ./App/app.o
 .debug_macro   0x0000000000012edd       0x5f ./App/app.o
 .debug_macro   0x0000000000012f3c      0x236 ./App/app.o
 .debug_macro   0x0000000000013172      0x9e1 ./App/app.o
 .debug_macro   0x0000000000013b53      0x38b ./App/app.o
 .debug_macro   0x0000000000013ede      0x17d ./App/app.o
 .debug_macro   0x000000000001405b       0xf9 ./App/app.o
 .debug_macro   0x0000000000014154      0x132 ./App/app.o
 .debug_macro   0x0000000000014286      0x264 ./App/app.o
 .debug_macro   0x00000000000144ea       0x2e ./App/app.o
 .debug_macro   0x0000000000014518      0x1b5 ./App/app.o
 .debug_macro   0x00000000000146cd       0x22 ./App/app.o
 .debug_macro   0x00000000000146ef       0xd6 ./App/app.o
 .debug_macro   0x00000000000147c5      0x11a ./App/app.o
 .debug_macro   0x00000000000148df       0x85 ./App/app.o
 .debug_macro   0x0000000000014964       0x89 ./App/app.o
 .debug_macro   0x00000000000149ed      0x126 ./App/app.o
 .debug_macro   0x0000000000014b13       0x9a ./App/app.o
 .debug_macro   0x0000000000014bad       0x16 ./App/app.o
 .debug_macro   0x0000000000014bc3       0x52 ./App/app.o
 .debug_macro   0x0000000000014c15       0x1e ./App/app.o
 .debug_macro   0x0000000000014c33       0x3c ./App/app.o
 .debug_macro   0x0000000000014c6f       0x34 ./App/app.o
 .debug_macro   0x0000000000014ca3       0x16 ./App/app.o
 .debug_macro   0x0000000000014cb9       0x35 ./App/app.o
 .debug_macro   0x0000000000014cee      0x341 ./App/app.o
 .debug_macro   0x000000000001502f       0x10 ./App/app.o
 .debug_macro   0x000000000001503f       0x16 ./App/app.o
 .debug_macro   0x0000000000015055       0x43 ./App/app.o
 .debug_macro   0x0000000000015098       0x34 ./App/app.o
 .debug_macro   0x00000000000150cc       0x10 ./App/app.o
 .debug_macro   0x00000000000150dc       0x58 ./App/app.o
 .debug_macro   0x0000000000015134       0x71 ./App/app.o
 .debug_macro   0x00000000000151a5       0x1c ./App/app.o
 .debug_macro   0x00000000000151c1      0x12a ./App/app.o
 .debug_macro   0x00000000000152eb       0x10 ./App/app.o
 .debug_macro   0x00000000000152fb       0x1c ./App/app.o
 .debug_macro   0x0000000000015317       0x52 ./App/app.o
 .debug_macro   0x0000000000015369       0x22 ./App/app.o