17:48:17 **** Incremental Build of configuration Debug for project SRR ****
make -j8 all 
arm-none-eabi-gcc "../Hw/vl53l1/vl53l1_sensor.c" -mcpu=cortex-m4 -std=gnu11 -g3 -DDEBUG -DUSE_HAL_DRIVER -DSTM32F411xE -c -I../Core/Inc -I../Hw/I2C_PCF8574_LCD -I../Hw/vl53l1 -I../core -I../platform -I../inc -I../platform/inc -I../core/inc -I../../Core/Inc -I../App -I../Hw -I../Drivers/STM32F4xx_HAL_Driver/Inc -I../Drivers/STM32F4xx_HAL_Driver/Inc/Legacy -I../Drivers/CMSIS/Device/ST/STM32F4xx/Include -I../Drivers/CMSIS/Include -O0 -ffunction-sections -fdata-sections -Wall -fstack-usage -MMD -MP -MF"Hw/vl53l1/vl53l1_sensor.d" -MT"Hw/vl53l1/vl53l1_sensor.o" --specs=nano.specs -mfpu=fpv4-sp-d16 -mfloat-abi=hard -mthumb -o "Hw/vl53l1/vl53l1_sensor.o"
../Hw/vl53l1/vl53l1_sensor.c: In function 'ConfigAndStartSensor':
../Hw/vl53l1/vl53l1_sensor.c:28:10: warning: unused variable 'status' [-Wunused-variable]
   28 |  uint8_t status;
      |          ^~~~~~
arm-none-eabi-gcc -o "SRR.elf" @"objects.list"   -mcpu=cortex-m4 -T"C:\Users\mateu\Documents\ProjetoSemb1 - SRR\SRR\SRR\STM32F411CEUX_FLASH.ld" --specs=nosys.specs -Wl,-Map="SRR.map" -Wl,--gc-sections -static --specs=nano.specs -mfpu=fpv4-sp-d16 -mfloat-abi=hard -mthumb -Wl,--start-group -lc -lm -Wl,--end-group
Finished building target: SRR.elf
 
arm-none-eabi-size   SRR.elf 
arm-none-eabi-objdump -h -S  SRR.elf  > "SRR.list"
   text	   data	    bss	    dec	    hex	filename
   9328	     20	   1988	  11336	   2c48	SRR.elf
Finished building: default.size.stdout
 
Finished building: SRR.list
 
